[90m9:41:22 AM[0m [36mninja_regime_status[0m [2msymbol=POLUSDT regime=MONK confidence=HIGH bias=NEUTRAL volatility=LOW trigger=range_detected:spread=0.0400% leverage=5 hardStop=-5.0%[0m
[90m9:42:23 AM[0m [36mninja_regime_status[0m [2msymbol=POLUSDT regime=MONK confidence=HIGH bias=NEUTRAL volatility=LOW trigger=range_detected:spread=0.0400% leverage=5 hardStop=-5.0%[0m
[90m9:43:32 AM[0m [36mninja_regime_status[0m [2msymbol=POLUSDT regime=MONK confidence=HIGH bias=NEUTRAL volatility=LOW trigger=range_detected:spread=0.0400% leverage=5 hardStop=-5.0%[0m
[90m9:44:32 AM[0m [36mninja_regime_status[0m [2msymbol=POLUSDT regime=MONK confidence=HIGH bias=NEUTRAL volatility=LOW trigger=range_detected:spread=0.0400% leverage=5 hardStop=-5.0%[0m
[90m9:45:33 AM[0m [36mninja_regime_status[0m [2msymbol=POLUSDT regime=MONK confidence=HIGH bias=NEUTRAL volatility=LOW trigger=range_detected:spread=0.0400% leverage=5 hardStop=-5.0%[0m
[90m9:46:42 AM[0m [36mninja_regime_status[0m [2msymbol=POLUSDT regime=MONK confidence=HIGH bias=NEUTRAL volatility=LOW trigger=range_detected:spread=0.0400% leverage=5 hardStop=-5.0%[0m
[90m9:47:43 AM[0m [36mninja_regime_status[0m [2msymbol=POLUSDT regime=MONK confidence=HIGH bias=NEUTRAL volatility=LOW trigger=range_detected:spread=0.0400% leverage=5 hardStop=-5.0%[0m
[90m9:48:53 AM[0m [36mninja_regime_status[0m [2msymbol=POLUSDT regime=MONK confidence=HIGH bias=NEUTRAL volatility=LOW trigger=range_detected:spread=0.0400% leverage=5 hardStop=-5.0%[0m
[90m9:49:54 AM[0m [36mninja_regime_status[0m [2msymbol=POLUSDT regime=MONK confidence=HIGH bias=NEUTRAL volatility=LOW trigger=range_detected:spread=0.0400% leverage=5 hardStop=-5.0%[0m
[90m9:51:03 AM[0m [36mninja_regime_status[0m [2msymbol=POLUSDT regime=MONK confidence=HIGH bias=NEUTRAL volatility=LOW trigger=range_detected:spread=0.0400% leverage=5 hardStop=-5.0%[0m
[90m9:52:04 AM[0m [36mninja_regime_status[0m [2msymbol=POLUSDT regime=MONK confidence=HIGH bias=NEUTRAL volatility=LOW trigger=range_detected:spread=0.0400% leverage=5 hardStop=-5.0%[0m
[90m9:53:13 AM[0m [36mninja_regime_status[0m [2msymbol=POLUSDT regime=MONK confidence=HIGH bias=NEUTRAL volatility=LOW trigger=range_detected:spread=0.0400% leverage=5 hardStop=-5.0%[0m
[90m9:54:22 AM[0m [36mninja_regime_status[0m [2msymbol=POLUSDT regime=MONK confidence=HIGH bias=NEUTRAL volatility=LOW trigger=range_detected:spread=0.0400% leverage=5 hardStop=-5.0%[0m
[90m9:55:23 AM[0m [36mninja_regime_status[0m [2msymbol=POLUSDT regime=MONK confidence=HIGH bias=NEUTRAL volatility=LOW trigger=range_detected:spread=0.0400% leverage=5 hardStop=-5.0%[0m
[90m9:56:34 AM[0m [36mninja_regime_status[0m [2msymbol=POLUSDT regime=MONK confidence=HIGH bias=NEUTRAL volatility=LOW trigger=range_detected:spread=0.0400% leverage=5 hardStop=-5.0%[0m
[90m9:57:42 AM[0m [36mninja_regime_status[0m [2msymbol=POLUSDT regime=MONK confidence=HIGH bias=NEUTRAL volatility=LOW trigger=range_detected:spread=0.0400% leverage=5 hardStop=-5.0%[0m
[90m9:58:43 AM[0m [36mninja_regime_status[0m [2msymbol=POLUSDT regime=MONK confidence=HIGH bias=NEUTRAL volatility=LOW trigger=range_detected:spread=0.0400% leverage=5 hardStop=-5.0%[0m
[90m9:59:54 AM[0m [36mninja_regime_status[0m [2msymbol=POLUSDT regime=MONK confidence=HIGH bias=NEUTRAL volatility=LOW trigger=range_detected:spread=0.0400% leverage=5 hardStop=-5.0%[0m
[90m10:01:03 AM[0m [36mninja_regime_status[0m [2msymbol=POLUSDT regime=MONK confidence=HIGH bias=NEUTRAL volatility=LOW trigger=range_detected:spread=0.0400% leverage=5 hardStop=-5.0%[0m
[90m10:02:13 AM[0m [36mninja_regime_status[0m [2msymbol=POLUSDT regime=MONK confidence=HIGH bias=NEUTRAL volatility=LOW trigger=range_detected:spread=0.0400% leverage=5 hardStop=-5.0%[0m
[90m10:03:23 AM[0m [36mninja_regime_status[0m [2msymbol=POLUSDT regime=MONK confidence=HIGH bias=NEUTRAL volatility=LOW trigger=range_detected:spread=0.0400% leverage=5 hardStop=-5.0%[0m
[90m10:04:32 AM[0m [36mninja_regime_status[0m [2msymbol=POLUSDT regime=MONK confidence=HIGH bias=NEUTRAL volatility=LOW trigger=range_detected:spread=0.0400% leverage=5 hardStop=-5.0%[0m
[90m10:05:33 AM[0m [36mninja_regime_status[0m [2msymbol=POLUSDT regime=MONK confidence=HIGH bias=NEUTRAL volatility=LOW trigger=range_detected:spread=0.0400% leverage=5 hardStop=-5.0%[0m
[90m10:06:34 AM[0m [36mninja_regime_status[0m [2msymbol=POLUSDT regime=MONK confidence=HIGH bias=NEUTRAL volatility=LOW trigger=range_detected:spread=0.0400% leverage=5 hardStop=-5.0%[0m
[90m10:07:42 AM[0m [36mninja_regime_status[0m [2msymbol=POLUSDT regime=MONK confidence=HIGH bias=NEUTRAL volatility=LOW trigger=range_detected:spread=0.0400% leverage=5 hardStop=-5.0%[0m
[90m10:08:44 AM[0m [36mninja_regime_status[0m [2msymbol=POLUSDT regime=MONK confidence=HIGH bias=NEUTRAL volatility=LOW trigger=range_detected:spread=0.0400% leverage=5 hardStop=-5.0%[0m
[90m10:09:53 AM[0m [36mninja_regime_status[0m [2msymbol=POLUSDT regime=MONK confidence=HIGH bias=NEUTRAL volatility=LOW trigger=range_detected:spread=0.0400% leverage=5 hardStop=-5.0%[0m
[90m10:10:54 AM[0m [36mninja_regime_status[0m [2msymbol=POLUSDT regime=MONK confidence=HIGH bias=NEUTRAL volatility=LOW trigger=range_detected:spread=0.0400% leverage=5 hardStop=-5.0%[0m
[90m10:12:03 AM[0m [36mninja_regime_status[0m [2msymbol=POLUSDT regime=MONK confidence=HIGH bias=NEUTRAL volatility=LOW trigger=range_detected:spread=0.0400% leverage=5 hardStop=-5.0%[0m
[90m10:13:12 AM[0m [36mninja_regime_status[0m [2msymbol=POLUSDT regime=MONK confidence=HIGH bias=NEUTRAL volatility=LOW trigger=range_detected:spread=0.0400% leverage=5 hardStop=-5.0%[0m
[90m10:14:13 AM[0m [36mninja_regime_status[0m [2msymbol=POLUSDT regime=MONK confidence=HIGH bias=NEUTRAL volatility=LOW trigger=range_detected:spread=0.0400% leverage=5 hardStop=-5.0%[0m
[90m10:15:14 AM[0m [36mninja_regime_status[0m [2msymbol=POLUSDT regime=MONK confidence=HIGH bias=NEUTRAL volatility=LOW trigger=range_detected:spread=0.0400% leverage=5 hardStop=-5.0%[0m
[90m10:16:14 AM[0m [36mninja_regime_status[0m [2msymbol=POLUSDT regime=MONK confidence=HIGH bias=NEUTRAL volatility=LOW trigger=range_detected:spread=0.0400% leverage=5 hardStop=-5.0%[0m
[90m10:17:23 AM[0m [36mninja_regime_status[0m [2msymbol=POLUSDT regime=MONK confidence=HIGH bias=NEUTRAL volatility=LOW trigger=range_detected:spread=0.0400% leverage=5 hardStop=-5.0%[0m
[90m10:18:23 AM[0m [36mninja_regime_status[0m [2msymbol=POLUSDT regime=MONK confidence=HIGH bias=NEUTRAL volatility=LOW trigger=range_detected:spread=0.0400% leverage=5 hardStop=-5.0%[0m
[90m10:19:24 AM[0m [36mninja_regime_status[0m [2msymbol=POLUSDT regime=MONK confidence=HIGH bias=NEUTRAL volatility=LOW trigger=range_detected:spread=0.0400% leverage=5 hardStop=-5.0%[0m
[90m10:20:33 AM[0m [36mninja_regime_status[0m [2msymbol=POLUSDT regime=MONK confidence=HIGH bias=NEUTRAL volatility=LOW trigger=range_detected:spread=0.0400% leverage=5 hardStop=-5.0%[0m
[90m10:21:34 AM[0m [36mninja_regime_status[0m [2msymbol=POLUSDT regime=MONK confidence=HIGH bias=NEUTRAL volatility=LOW trigger=range_detected:spread=0.0400% leverage=5 hardStop=-5.0%[0m
[90m10:22:43 AM[0m [36mninja_regime_status[0m [2msymbol=POLUSDT regime=MONK confidence=HIGH bias=NEUTRAL volatility=LOW trigger=range_detected:spread=0.0400% leverage=5 hardStop=-5.0%[0m
[90m10:23:52 AM[0m [36mninja_regime_status[0m [2msymbol=POLUSDT regime=MONK confidence=HIGH bias=NEUTRAL volatility=LOW trigger=range_detected:spread=0.0400% leverage=5 hardStop=-5.0%[0m
[90m10:24:53 AM[0m [36mninja_regime_status[0m [2msymbol=POLUSDT regime=MONK confidence=HIGH bias=NEUTRAL volatility=LOW trigger=range_detected:spread=0.0400% leverage=5 hardStop=-5.0%[0m
[90m10:25:54 AM[0m [36mninja_regime_status[0m [2msymbol=POLUSDT regime=MONK confidence=HIGH bias=NEUTRAL volatility=LOW trigger=range_detected:spread=0.0400% leverage=5 hardStop=-5.0%[0m
[90m10:27:03 AM[0m [36mninja_regime_status[0m [2msymbol=POLUSDT regime=MONK confidence=HIGH bias=NEUTRAL volatility=LOW trigger=range_detected:spread=0.0400% leverage=5 hardStop=-5.0%[0m
[90m10:28:14 AM[0m [36mninja_regime_status[0m [2msymbol=POLUSDT regime=MONK confidence=HIGH bias=NEUTRAL volatility=LOW trigger=range_detected:spread=0.0400% leverage=5 hardStop=-5.0%[0m
[90m10:29:23 AM[0m [36mninja_regime_status[0m [2msymbol=POLUSDT regime=MONK confidence=HIGH bias=NEUTRAL volatility=LOW trigger=range_detected:spread=0.0400% leverage=5 hardStop=-5.0%[0m
[90m10:30:34 AM[0m [36mninja_regime_status[0m [2msymbol=POLUSDT regime=MONK confidence=HIGH bias=NEUTRAL volatility=LOW trigger=range_detected:spread=0.0400% leverage=5 hardStop=-5.0%[0m
[90m10:31:42 AM[0m [36mninja_regime_status[0m [2msymbol=POLUSDT regime=MONK confidence=HIGH bias=NEUTRAL volatility=LOW trigger=range_detected:spread=0.0400% leverage=5 hardStop=-5.0%[0m
[90m10:32:43 AM[0m [36mninja_regime_status[0m [2msymbol=POLUSDT regime=MONK confidence=HIGH bias=NEUTRAL volatility=LOW trigger=range_detected:spread=0.0400% leverage=5 hardStop=-5.0%[0m
[90m10:33:54 AM[0m [36mninja_regime_status[0m [2msymbol=POLUSDT regime=MONK confidence=HIGH bias=NEUTRAL volatility=LOW trigger=range_detected:spread=0.0400% leverage=5 hardStop=-5.0%[0m
[90m10:35:03 AM[0m [36mninja_regime_status[0m [2msymbol=POLUSDT regime=MONK confidence=HIGH bias=NEUTRAL volatility=LOW trigger=range_detected:spread=0.0400% leverage=5 hardStop=-5.0%[0m
[90m10:36:04 AM[0m [36mninja_regime_status[0m [2msymbol=POLUSDT regime=MONK confidence=HIGH bias=NEUTRAL volatility=LOW trigger=range_detected:spread=0.0400% leverage=5 hardStop=-5.0%[0m
[90m10:37:13 AM[0m [36mninja_regime_status[0m [2msymbol=POLUSDT regime=MONK confidence=HIGH bias=NEUTRAL volatility=LOW trigger=range_detected:spread=0.0400% leverage=5 hardStop=-5.0%[0m
[90m10:38:14 AM[0m [36mninja_regime_status[0m [2msymbol=POLUSDT regime=MONK confidence=HIGH bias=NEUTRAL volatility=LOW trigger=range_detected:spread=0.0400% leverage=5 hardStop=-5.0%[0m
[90m10:39:23 AM[0m [36mninja_regime_status[0m [2msymbol=POLUSDT regime=MONK confidence=HIGH bias=NEUTRAL volatility=LOW trigger=range_detected:spread=0.0400% leverage=5 hardStop=-5.0%[0m
[90m10:40:33 AM[0m [36mninja_regime_status[0m [2msymbol=POLUSDT regime=MONK confidence=HIGH bias=NEUTRAL volatility=LOW trigger=range_detected:spread=0.0400% leverage=5 hardStop=-5.0%[0m
[90m10:41:33 AM[0m [36mninja_regime_status[0m [2msymbol=POLUSDT regime=MONK confidence=HIGH bias=NEUTRAL volatility=LOW trigger=range_detected:spread=0.0400% leverage=5 hardStop=-5.0%[0m
[90m10:42:34 AM[0m [36mninja_regime_status[0m [2msymbol=POLUSDT regime=MONK confidence=HIGH bias=NEUTRAL volatility=LOW trigger=range_detected:spread=0.0400% leverage=5 hardStop=-5.0%[0m
[90m9:42:01 PM[0m [36mninja_regime_status[0m [2msymbol=POLUSDT regime=MONK confidence=HIGH bias=NEUTRAL volatility=LOW trigger=range_detected:spread=0.0400% leverage=5 hardStop=-5.0%[0m
[90m9:43:11 PM[0m [36mninja_regime_status[0m [2msymbol=POLUSDT regime=MONK confidence=HIGH bias=NEUTRAL volatility=LOW trigger=range_detected:spread=0.0400% leverage=5 hardStop=-5.0%[0m
[90m9:44:11 PM[0m [36mninja_regime_status[0m [2msymbol=POLUSDT regime=MONK confidence=HIGH bias=NEUTRAL volatility=LOW trigger=range_detected:spread=0.0400% leverage=5 hardStop=-5.0%[0m
[90m9:45:21 PM[0m [36mninja_regime_status[0m [2msymbol=POLUSDT regime=MONK confidence=HIGH bias=NEUTRAL volatility=LOW trigger=range_detected:spread=0.0400% leverage=5 hardStop=-5.0%[0m
[90m9:46:21 PM[0m [36mninja_regime_status[0m [2msymbol=POLUSDT regime=MONK confidence=HIGH bias=NEUTRAL volatility=LOW trigger=range_detected:spread=0.0400% leverage=5 hardStop=-5.0%[0m
[90m9:47:31 PM[0m [36mninja_regime_status[0m [2msymbol=POLUSDT regime=MONK confidence=HIGH bias=NEUTRAL volatility=LOW trigger=range_detected:spread=0.0400% leverage=5 hardStop=-5.0%[0m
[90m9:48:41 PM[0m [36mninja_regime_status[0m [2msymbol=POLUSDT regime=MONK confidence=HIGH bias=NEUTRAL volatility=LOW trigger=range_detected:spread=0.0400% leverage=5 hardStop=-5.0%[0m
[90m9:49:41 PM[0m [36mninja_regime_status[0m [2msymbol=POLUSDT regime=MONK confidence=HIGH bias=NEUTRAL volatility=LOW trigger=range_detected:spread=0.0400% leverage=5 hardStop=-5.0%[0m
[90m9:50:51 PM[0m [36mninja_regime_status[0m [2msymbol=POLUSDT regime=MONK confidence=HIGH bias=NEUTRAL volatility=LOW trigger=range_detected:spread=0.0400% leverage=5 hardStop=-5.0%[0m
[90m9:51:51 PM[0m [36mninja_regime_status[0m [2msymbol=POLUSDT regime=MONK confidence=HIGH bias=NEUTRAL volatility=LOW trigger=range_detected:spread=0.0400% leverage=5 hardStop=-5.0%[0m
[90m9:53:01 PM[0m [36mninja_regime_status[0m [2msymbol=POLUSDT regime=MONK confidence=HIGH bias=NEUTRAL volatility=LOW trigger=range_detected:spread=0.0400% leverage=5 hardStop=-5.0%[0m
[90m9:54:01 PM[0m [36mninja_regime_status[0m [2msymbol=POLUSDT regime=MONK confidence=HIGH bias=NEUTRAL volatility=LOW trigger=range_detected:spread=0.0400% leverage=5 hardStop=-5.0%[0m
[90m9:55:11 PM[0m [36mninja_regime_status[0m [2msymbol=POLUSDT regime=MONK confidence=HIGH bias=NEUTRAL volatility=LOW trigger=range_detected:spread=0.0400% leverage=5 hardStop=-5.0%[0m
[90m9:56:11 PM[0m [36mninja_regime_status[0m [2msymbol=POLUSDT regime=MONK confidence=HIGH bias=NEUTRAL volatility=LOW trigger=range_detected:spread=0.0400% leverage=5 hardStop=-5.0%[0m
[90m9:57:11 PM[0m [36mninja_regime_status[0m [2msymbol=POLUSDT regime=MONK confidence=HIGH bias=NEUTRAL volatility=LOW trigger=range_detected:spread=0.0400% leverage=5 hardStop=-5.0%[0m
[90m9:58:21 PM[0m [36mninja_regime_status[0m [2msymbol=POLUSDT regime=MONK confidence=HIGH bias=NEUTRAL volatility=LOW trigger=range_detected:spread=0.0400% leverage=5 hardStop=-5.0%[0m
[90m9:59:21 PM[0m [36mninja_regime_status[0m [2msymbol=POLUSDT regime=MONK confidence=HIGH bias=NEUTRAL volatility=LOW trigger=range_detected:spread=0.0400% leverage=5 hardStop=-5.0%[0m
[90m10:00:22 PM[0m [36mninja_regime_status[0m [2msymbol=POLUSDT regime=MONK confidence=HIGH bias=NEUTRAL volatility=LOW trigger=range_detected:spread=0.0400% leverage=5 hardStop=-5.0%[0m
[90m10:01:22 PM[0m [36mninja_regime_status[0m [2msymbol=POLUSDT regime=MONK confidence=HIGH bias=NEUTRAL volatility=LOW trigger=range_detected:spread=0.0400% leverage=5 hardStop=-5.0%[0m
[90m10:02:32 PM[0m [36mninja_regime_status[0m [2msymbol=POLUSDT regime=MONK confidence=HIGH bias=NEUTRAL volatility=LOW trigger=range_detected:spread=0.0400% leverage=5 hardStop=-5.0%[0m
[90m10:03:42 PM[0m [36mninja_regime_status[0m [2msymbol=POLUSDT regime=MONK confidence=HIGH bias=NEUTRAL volatility=LOW trigger=range_detected:spread=0.0400% leverage=5 hardStop=-5.0%[0m
[90m10:04:51 PM[0m [36mninja_regime_status[0m [2msymbol=POLUSDT regime=MONK confidence=HIGH bias=NEUTRAL volatility=LOW trigger=range_detected:spread=0.0400% leverage=5 hardStop=-5.0%[0m
[90m10:05:52 PM[0m [36mninja_regime_status[0m [2msymbol=POLUSDT regime=MONK confidence=HIGH bias=NEUTRAL volatility=LOW trigger=range_detected:spread=0.0400% leverage=5 hardStop=-5.0%[0m
[90m10:06:52 PM[0m [36mninja_regime_status[0m [2msymbol=POLUSDT regime=MONK confidence=HIGH bias=NEUTRAL volatility=LOW trigger=range_detected:spread=0.0400% leverage=5 hardStop=-5.0%[0m
[90m10:08:02 PM[0m [36mninja_regime_status[0m [2msymbol=POLUSDT regime=MONK confidence=HIGH bias=NEUTRAL volatility=LOW trigger=range_detected:spread=0.0400% leverage=5 hardStop=-5.0%[0m
[90m10:09:02 PM[0m [36mninja_regime_status[0m [2msymbol=POLUSDT regime=MONK confidence=HIGH bias=NEUTRAL volatility=LOW trigger=range_detected:spread=0.0400% leverage=5 hardStop=-5.0%[0m
[90m10:10:02 PM[0m [36mninja_regime_status[0m [2msymbol=POLUSDT regime=MONK confidence=HIGH bias=NEUTRAL volatility=LOW trigger=range_detected:spread=0.0400% leverage=5 hardStop=-5.0%[0m
[90m10:11:12 PM[0m [36mninja_regime_status[0m [2msymbol=POLUSDT regime=MONK confidence=HIGH bias=NEUTRAL volatility=LOW trigger=range_detected:spread=0.0400% leverage=5 hardStop=-5.0%[0m
[90m10:12:22 PM[0m [36mninja_regime_status[0m [2msymbol=POLUSDT regime=MONK confidence=HIGH bias=NEUTRAL volatility=LOW trigger=range_detected:spread=0.0400% leverage=5 hardStop=-5.0%[0m
[90m10:13:22 PM[0m [36mninja_regime_status[0m [2msymbol=POLUSDT regime=MONK confidence=HIGH bias=NEUTRAL volatility=LOW trigger=range_detected:spread=0.0400% leverage=5 hardStop=-5.0%[0m
[90m10:14:22 PM[0m [36mninja_regime_status[0m [2msymbol=POLUSDT regime=MONK confidence=MED bias=NEUTRAL volatility=LOW trigger=range_detected:spread=0.0400% leverage=5 hardStop=-5.0%[0m
[90m10:15:32 PM[0m [36mninja_regime_status[0m [2msymbol=POLUSDT regime=MONK confidence=MED bias=NEUTRAL volatility=LOW trigger=range_detected:spread=0.0400% leverage=5 hardStop=-5.0%[0m
[90m10:16:32 PM[0m [36mninja_regime_status[0m [2msymbol=POLUSDT regime=MONK confidence=HIGH bias=NEUTRAL volatility=LOW trigger=range_detected:spread=0.0400% leverage=5 hardStop=-5.0%[0m
[90m10:17:42 PM[0m [36mninja_regime_status[0m [2msymbol=POLUSDT regime=MONK confidence=HIGH bias=NEUTRAL volatility=LOW trigger=range_detected:spread=0.0400% leverage=5 hardStop=-5.0%[0m
[90m10:18:43 PM[0m [36mninja_regime_status[0m [2msymbol=POLUSDT regime=MONK confidence=HIGH bias=NEUTRAL volatility=LOW trigger=range_detected:spread=0.0400% leverage=5 hardStop=-5.0%[0m
[90m10:19:52 PM[0m [36mninja_regime_status[0m [2msymbol=POLUSDT regime=MONK confidence=HIGH bias=NEUTRAL volatility=LOW trigger=range_detected:spread=0.0400% leverage=5 hardStop=-5.0%[0m
[90m10:20:52 PM[0m [36mninja_regime_status[0m [2msymbol=POLUSDT regime=MONK confidence=HIGH bias=NEUTRAL volatility=LOW trigger=range_detected:spread=0.0400% leverage=5 hardStop=-5.0%[0m
[90m10:22:02 PM[0m [36mninja_regime_status[0m [2msymbol=POLUSDT regime=MONK confidence=HIGH bias=NEUTRAL volatility=LOW trigger=range_detected:spread=0.0400% leverage=5 hardStop=-5.0%[0m
[90m10:23:12 PM[0m [36mninja_regime_status[0m [2msymbol=POLUSDT regime=MONK confidence=HIGH bias=NEUTRAL volatility=LOW trigger=range_detected:spread=0.0400% leverage=5 hardStop=-5.0%[0m
[90m10:24:12 PM[0m [36mninja_regime_status[0m [2msymbol=POLUSDT regime=MONK confidence=HIGH bias=NEUTRAL volatility=LOW trigger=range_detected:spread=0.0400% leverage=5 hardStop=-5.0%[0m
[90m10:25:12 PM[0m [36mninja_regime_status[0m [2msymbol=POLUSDT regime=MONK confidence=HIGH bias=NEUTRAL volatility=LOW trigger=range_detected:spread=0.0400% leverage=5 hardStop=-5.0%[0m
[90m10:26:22 PM[0m [36mninja_regime_status[0m [2msymbol=POLUSDT regime=MONK confidence=HIGH bias=NEUTRAL volatility=LOW trigger=range_detected:spread=0.0400% leverage=5 hardStop=-5.0%[0m
[90m10:27:32 PM[0m [36mninja_regime_status[0m [2msymbol=POLUSDT regime=MONK confidence=HIGH bias=NEUTRAL volatility=LOW trigger=range_detected:spread=0.0400% leverage=5 hardStop=-5.0%[0m
[90m10:28:42 PM[0m [36mninja_regime_status[0m [2msymbol=POLUSDT regime=MONK confidence=HIGH bias=NEUTRAL volatility=LOW trigger=range_detected:spread=0.0400% leverage=5 hardStop=-5.0%[0m
[90m10:29:51 PM[0m [36mninja_regime_status[0m [2msymbol=POLUSDT regime=MONK confidence=HIGH bias=NEUTRAL volatility=LOW trigger=range_detected:spread=0.0400% leverage=5 hardStop=-5.0%[0m
[90m10:30:52 PM[0m [36mninja_regime_status[0m [2msymbol=POLUSDT regime=MONK confidence=HIGH bias=NEUTRAL volatility=LOW trigger=range_detected:spread=0.0400% leverage=5 hardStop=-5.0%[0m
[90m10:32:02 PM[0m [36mninja_regime_status[0m [2msymbol=POLUSDT regime=MONK confidence=HIGH bias=NEUTRAL volatility=LOW trigger=range_detected:spread=0.0400% leverage=5 hardStop=-5.0%[0m
[90m10:33:12 PM[0m [36mninja_regime_status[0m [2msymbol=POLUSDT regime=MONK confidence=HIGH bias=NEUTRAL volatility=LOW trigger=range_detected:spread=0.0400% leverage=5 hardStop=-5.0%[0m
[90m10:34:22 PM[0m [36mninja_regime_status[0m [2msymbol=POLUSDT regime=MONK confidence=HIGH bias=NEUTRAL volatility=LOW trigger=range_detected:spread=0.0400% leverage=5 hardStop=-5.0%[0m
[90m10:35:31 PM[0m [36mninja_regime_status[0m [2msymbol=POLUSDT regime=MONK confidence=HIGH bias=NEUTRAL volatility=LOW trigger=range_detected:spread=0.0400% leverage=5 hardStop=-5.0%[0m
[90m10:36:32 PM[0m [36mninja_regime_status[0m [2msymbol=POLUSDT regime=MONK confidence=HIGH bias=NEUTRAL volatility=LOW trigger=range_detected:spread=0.0400% leverage=5 hardStop=-5.0%[0m
[90m10:37:41 PM[0m [36mninja_regime_status[0m [2msymbol=POLUSDT regime=MONK confidence=HIGH bias=NEUTRAL volatility=LOW trigger=range_detected:spread=0.0400% leverage=5 hardStop=-5.0%[0m
[90m10:38:42 PM[0m [36mninja_regime_status[0m [2msymbol=POLUSDT regime=MONK confidence=HIGH bias=NEUTRAL volatility=LOW trigger=range_detected:spread=0.0400% leverage=5 hardStop=-5.0%[0m
[90m10:39:51 PM[0m [36mninja_regime_status[0m [2msymbol=POLUSDT regime=MONK confidence=HIGH bias=NEUTRAL volatility=LOW trigger=range_detected:spread=0.0400% leverage=5 hardStop=-5.0%[0m
[90m10:41:01 PM[0m [36mninja_regime_status[0m [2msymbol=POLUSDT regime=MONK confidence=HIGH bias=NEUTRAL volatility=LOW trigger=range_detected:spread=0.0400% leverage=5 hardStop=-5.0%[0m
[90m10:42:11 PM[0m [36mninja_regime_status[0m [2msymbol=POLUSDT regime=MONK confidence=HIGH bias=NEUTRAL volatility=LOW trigger=range_detected:spread=0.0400% leverage=5 hardStop=-5.0%[0m
[90m9:41:09 AM[0m [36mninja_regime_status[0m [2msymbol=POLUSDT regime=WHALE confidence=HIGH bias=BEAR volatility=LOW trigger=trend_detected:funding=0.000000 leverage=7 hardStop=-25.0%[0m
[90m9:42:27 AM[0m [36mninja_regime_status[0m [2msymbol=POLUSDT regime=WHALE confidence=HIGH bias=BEAR volatility=LOW trigger=trend_detected:funding=0.000000 leverage=7 hardStop=-25.0%[0m
[90m9:43:28 AM[0m [36mninja_regime_status[0m [2msymbol=POLUSDT regime=WHALE confidence=HIGH bias=BEAR volatility=LOW trigger=trend_detected:funding=0.000000 leverage=7 hardStop=-25.0%[0m
[90m9:44:47 AM[0m [36mninja_regime_status[0m [2msymbol=POLUSDT regime=WHALE confidence=HIGH bias=BEAR volatility=LOW trigger=trend_detected:funding=0.000000 leverage=7 hardStop=-25.0%[0m
[90m9:46:06 AM[0m [36mninja_regime_status[0m [2msymbol=POLUSDT regime=WHALE confidence=MED bias=BEAR volatility=LOW trigger=trend_detected:funding=0.000000 leverage=7 hardStop=-25.0%[0m
[90m9:47:26 AM[0m [36mninja_regime_status[0m [2msymbol=POLUSDT regime=WHALE confidence=MED bias=BEAR volatility=LOW trigger=trend_detected:funding=0.000000 leverage=7 hardStop=-25.0%[0m
[90m9:48:46 AM[0m [36mninja_regime_status[0m [2msymbol=POLUSDT regime=WHALE confidence=MED bias=BEAR volatility=LOW trigger=trend_detected:funding=0.000000 leverage=7 hardStop=-25.0%[0m
[90m9:50:09 AM[0m [36mninja_regime_status[0m [2msymbol=POLUSDT regime=WHALE confidence=MED bias=BEAR volatility=LOW trigger=trend_detected:funding=0.000000 leverage=7 hardStop=-25.0%[0m
[90m9:51:28 AM[0m [36mninja_regime_status[0m [2msymbol=POLUSDT regime=WHALE confidence=MED bias=BEAR volatility=LOW trigger=trend_detected:funding=0.000000 leverage=7 hardStop=-25.0%[0m
[90m9:52:06 AM[0m [36mtrailing_ratchet_update[0m [2msymbol=POLUSDT oldStop=0.12856 newStop=0.12588 lockedRoe=1.00%[0m
[90m9:52:27 AM[0m [36mtrailing_ratchet_update[0m [2msymbol=POLUSDT oldStop=0.12856 newStop=0.12585 lockedRoe=1.14%[0m
[90m9:52:46 AM[0m [36mninja_regime_status[0m [2msymbol=POLUSDT regime=WHALE confidence=MED bias=BEAR volatility=LOW trigger=trend_detected:funding=0.000000 leverage=7 hardStop=-25.0%[0m
[90m9:52:46 AM[0m [36mtrailing_ratchet_update[0m [2msymbol=POLUSDT oldStop=0.12856 newStop=0.12581 lockedRoe=1.21%[0m
[90m9:53:05 AM[0m [36mtrailing_ratchet_update[0m [2msymbol=POLUSDT oldStop=0.12856 newStop=0.12583 lockedRoe=1.03%[0m
[90m9:53:23 AM[0m [36mtrailing_ratchet_update[0m [2msymbol=POLUSDT oldStop=0.12856 newStop=0.12583 lockedRoe=1.08%[0m
[90m9:53:45 AM[0m [36mtrailing_ratchet_update[0m [2msymbol=POLUSDT oldStop=0.12856 newStop=0.12582 lockedRoe=1.13%[0m
[90m9:54:06 AM[0m [36mninja_regime_status[0m [2msymbol=POLUSDT regime=WHALE confidence=MED bias=BEAR volatility=LOW trigger=trend_detected:funding=0.000000 leverage=7 hardStop=-25.0%[0m
[90m9:54:06 AM[0m [36mtrailing_ratchet_update[0m [2msymbol=POLUSDT oldStop=0.12856 newStop=0.12581 lockedRoe=1.16%[0m
[90m9:55:26 AM[0m [36mninja_regime_status[0m [2msymbol=POLUSDT regime=WHALE confidence=MED bias=BEAR volatility=LOW trigger=trend_detected:funding=0.000000 leverage=7 hardStop=-25.0%[0m
[90m9:56:47 AM[0m [36mninja_regime_status[0m [2msymbol=POLUSDT regime=WHALE confidence=MED bias=BEAR volatility=LOW trigger=trend_detected:funding=0.000000 leverage=7 hardStop=-25.0%[0m
[90m9:58:06 AM[0m [36mninja_regime_status[0m [2msymbol=POLUSDT regime=WHALE confidence=HIGH bias=NEUTRAL volatility=LOW trigger=trend_detected:funding=0.000000 leverage=7 hardStop=-25.0%[0m
[90m9:59:07 AM[0m [36mninja_regime_status[0m [2msymbol=POLUSDT regime=WHALE confidence=HIGH bias=NEUTRAL volatility=LOW trigger=trend_detected:funding=0.000000 leverage=7 hardStop=-25.0%[0m
[90m10:00:09 AM[0m [36mninja_regime_status[0m [2msymbol=POLUSDT regime=WHALE confidence=HIGH bias=NEUTRAL volatility=LOW trigger=trend_detected:funding=0.000000 leverage=7 hardStop=-25.0%[0m
[90m10:01:28 AM[0m [36mninja_regime_status[0m [2msymbol=POLUSDT regime=WHALE confidence=HIGH bias=NEUTRAL volatility=LOW trigger=trend_detected:funding=0.000000 leverage=7 hardStop=-25.0%[0m
[90m10:01:45 AM[0m [36mtrailing_ratchet_update[0m [2msymbol=POLUSDT oldStop=0.12825 newStop=0.12594 lockedRoe=0.92%[0m
[90m10:02:05 AM[0m [36mtrailing_ratchet_update[0m [2msymbol=POLUSDT oldStop=0.12825 newStop=0.12584 lockedRoe=1.02%[0m
[90m10:02:47 AM[0m [36mninja_regime_status[0m [2msymbol=POLUSDT regime=MONK confidence=HIGH bias=NEUTRAL volatility=LOW trigger=range_detected:spread=0.0400% leverage=6 hardStop=-6.0%[0m
[90m10:04:05 AM[0m [36mninja_regime_status[0m [2msymbol=POLUSDT regime=MONK confidence=HIGH bias=NEUTRAL volatility=LOW trigger=range_detected:spread=0.0400% leverage=6 hardStop=-6.0%[0m
[90m10:05:07 AM[0m [36mninja_regime_status[0m [2msymbol=POLUSDT regime=MONK confidence=MED bias=BEAR volatility=LOW trigger=range_detected:spread=0.0400% leverage=6 hardStop=-6.0%[0m
[90m10:06:25 AM[0m [36mninja_regime_status[0m [2msymbol=POLUSDT regime=WHALE confidence=MED bias=BEAR volatility=LOW trigger=trend_detected:funding=0.000000 leverage=7 hardStop=-25.0%[0m
[90m10:07:25 AM[0m [36mninja_regime_status[0m [2msymbol=POLUSDT regime=WHALE confidence=HIGH bias=BEAR volatility=LOW trigger=trend_detected:funding=0.000000 leverage=7 hardStop=-25.0%[0m
[90m10:08:45 AM[0m [36mninja_regime_status[0m [2msymbol=POLUSDT regime=WHALE confidence=HIGH bias=BEAR volatility=LOW trigger=trend_detected:funding=0.000000 leverage=7 hardStop=-25.0%[0m
[90m10:09:46 AM[0m [36mninja_regime_status[0m [2msymbol=POLUSDT regime=WHALE confidence=HIGH bias=BEAR volatility=LOW trigger=trend_detected:funding=0.000000 leverage=7 hardStop=-25.0%[0m
[90m10:11:06 AM[0m [36mninja_regime_status[0m [2msymbol=POLUSDT regime=WHALE confidence=HIGH bias=BEAR volatility=LOW trigger=trend_detected:funding=0.000000 leverage=7 hardStop=-25.0%[0m
[90m10:12:26 AM[0m [36mninja_regime_status[0m [2msymbol=POLUSDT regime=WHALE confidence=LOW bias=BEAR volatility=LOW trigger=trend_detected:funding=0.000000 leverage=7 hardStop=-25.0%[0m
[90m10:13:45 AM[0m [36mninja_regime_status[0m [2msymbol=POLUSDT regime=WHALE confidence=HIGH bias=NEUTRAL volatility=LOW trigger=trend_detected:funding=0.000000 leverage=7 hardStop=-25.0%[0m
[90m10:15:10 AM[0m [36mninja_regime_status[0m [2msymbol=POLUSDT regime=WHALE confidence=HIGH bias=BEAR volatility=LOW trigger=trend_detected:funding=0.000000 leverage=7 hardStop=-25.0%[0m
[90m10:16:17 AM[0m [36mninja_regime_status[0m [2msymbol=POLUSDT regime=WHALE confidence=MED bias=BEAR volatility=LOW trigger=trend_detected:funding=0.000000 leverage=7 hardStop=-25.0%[0m
[90m10:17:37 AM[0m [36mninja_regime_status[0m [2msymbol=POLUSDT regime=WHALE confidence=MED bias=BEAR volatility=LOW trigger=trend_detected:funding=0.000000 leverage=7 hardStop=-25.0%[0m
[90m10:18:38 AM[0m [36mninja_regime_status[0m [2msymbol=POLUSDT regime=WHALE confidence=HIGH bias=BEAR volatility=LOW trigger=trend_detected:funding=0.000000 leverage=7 hardStop=-25.0%[0m
[90m10:19:56 AM[0m [36mninja_regime_status[0m [2msymbol=POLUSDT regime=WHALE confidence=HIGH bias=BEAR volatility=LOW trigger=trend_detected:funding=0.000000 leverage=7 hardStop=-25.0%[0m
[90m10:20:57 AM[0m [36mninja_regime_status[0m [2msymbol=POLUSDT regime=WHALE confidence=MED bias=BEAR volatility=LOW trigger=trend_detected:funding=0.000000 leverage=7 hardStop=-25.0%[0m
[90m10:22:17 AM[0m [36mninja_regime_status[0m [2msymbol=POLUSDT regime=WHALE confidence=MED bias=BEAR volatility=LOW trigger=trend_detected:funding=0.000000 leverage=7 hardStop=-25.0%[0m
[90m10:23:36 AM[0m [36mninja_regime_status[0m [2msymbol=POLUSDT regime=WHALE confidence=HIGH bias=BEAR volatility=LOW trigger=trend_detected:funding=0.000000 leverage=7 hardStop=-25.0%[0m
[90m10:24:56 AM[0m [36mninja_regime_status[0m [2msymbol=POLUSDT regime=WHALE confidence=HIGH bias=BEAR volatility=LOW trigger=trend_detected:funding=0.000000 leverage=7 hardStop=-25.0%[0m
[90m10:26:17 AM[0m [36mninja_regime_status[0m [2msymbol=POLUSDT regime=WHALE confidence=HIGH bias=BEAR volatility=LOW trigger=trend_detected:funding=0.000000 leverage=7 hardStop=-25.0%[0m
[90m10:27:36 AM[0m [36mninja_regime_status[0m [2msymbol=POLUSDT regime=WHALE confidence=HIGH bias=BEAR volatility=LOW trigger=trend_detected:funding=0.000000 leverage=7 hardStop=-25.0%[0m
[90m10:28:57 AM[0m [36mninja_regime_status[0m [2msymbol=POLUSDT regime=WHALE confidence=HIGH bias=BEAR volatility=LOW trigger=trend_detected:funding=0.000000 leverage=7 hardStop=-25.0%[0m
[90m10:30:16 AM[0m [36mninja_regime_status[0m [2msymbol=POLUSDT regime=WHALE confidence=HIGH bias=BEAR volatility=LOW trigger=trend_detected:funding=0.000000 leverage=7 hardStop=-25.0%[0m
[90m10:31:37 AM[0m [36mninja_regime_status[0m [2msymbol=POLUSDT regime=WHALE confidence=HIGH bias=BEAR volatility=LOW trigger=trend_detected:funding=0.000000 leverage=7 hardStop=-25.0%[0m
[90m10:32:56 AM[0m [36mninja_regime_status[0m [2msymbol=POLUSDT regime=WHALE confidence=HIGH bias=BEAR volatility=LOW trigger=trend_detected:funding=0.000000 leverage=7 hardStop=-25.0%[0m
[90m10:33:57 AM[0m [36mninja_regime_status[0m [2msymbol=POLUSDT regime=WHALE confidence=HIGH bias=BEAR volatility=LOW trigger=trend_detected:funding=0.000000 leverage=7 hardStop=-25.0%[0m
[90m10:35:15 AM[0m [36mninja_regime_status[0m [2msymbol=POLUSDT regime=WHALE confidence=HIGH bias=BEAR volatility=LOW trigger=trend_detected:funding=0.000000 leverage=7 hardStop=-25.0%[0m
[90m10:36:15 AM[0m [36mninja_regime_status[0m [2msymbol=POLUSDT regime=WHALE confidence=HIGH bias=BEAR volatility=LOW trigger=trend_detected:funding=0.000000 leverage=7 hardStop=-25.0%[0m
[90m10:37:35 AM[0m [36mninja_regime_status[0m [2msymbol=POLUSDT regime=WHALE confidence=HIGH bias=BEAR volatility=LOW trigger=trend_detected:funding=0.000000 leverage=7 hardStop=-25.0%[0m
[90m10:38:36 AM[0m [36mninja_regime_status[0m [2msymbol=POLUSDT regime=WHALE confidence=HIGH bias=BEAR volatility=LOW trigger=trend_detected:funding=0.000000 leverage=7 hardStop=-25.0%[0m
[90m10:39:37 AM[0m [36mninja_regime_status[0m [2msymbol=POLUSDT regime=WHALE confidence=HIGH bias=BEAR volatility=LOW trigger=trend_detected:funding=0.000000 leverage=7 hardStop=-25.0%[0m
[90m10:40:56 AM[0m [36mninja_regime_status[0m [2msymbol=POLUSDT regime=WHALE confidence=HIGH bias=BEAR volatility=LOW trigger=trend_detected:funding=0.000000 leverage=7 hardStop=-25.0%[0m
[90m10:42:16 AM[0m [36mninja_regime_status[0m [2msymbol=POLUSDT regime=WHALE confidence=HIGH bias=BEAR volatility=LOW trigger=trend_detected:funding=0.000000 leverage=7 hardStop=-25.0%[0m
