[90m5:40:03 PM[0m [36mninja_regime_status[0m [2msymbol=XRPUSDT regime=MONK confidence=HIGH bias=NEUTRAL volatility=LOW trigger=range_detected:spread=0.0400% leverage=5 hardStop=-5.0%[0m
[90m5:40:54 PM[0m [36mninja_regime_status[0m [2msymbol=AVAXUSDT regime=WHALE confidence=HIGH bias=NEUTRAL volatility=LOW trigger=trend_detected:funding=0.000000 leverage=5 hardStop=-20.0%[0m
[90m5:41:04 PM[0m [36mninja_regime_status[0m [2msymbol=XRPUSDT regime=MONK confidence=HIGH bias=NEUTRAL volatility=LOW trigger=range_detected:spread=0.0400% leverage=5 hardStop=-5.0%[0m
[90m5:41:05 PM[0m [36mninja_regime_status[0m [2msymbol=POLUSDT regime=MONK confidence=HIGH bias=NEUTRAL volatility=LOW trigger=range_detected:spread=0.0400% leverage=5 hardStop=-5.0%[0m
[90m5:42:05 PM[0m [36mninja_regime_status[0m [2msymbol=XRPUSDT regime=MONK confidence=HIGH bias=NEUTRAL volatility=LOW trigger=range_detected:spread=0.0400% leverage=5 hardStop=-5.0%[0m
[90m5:42:14 PM[0m [36mninja_regime_status[0m [2msymbol=AVAXUSDT regime=MONK confidence=MED bias=BEAR volatility=LOW trigger=range_detected:spread=0.0400% leverage=5 hardStop=-5.0%[0m
[90m5:42:15 PM[0m [36mninja_regime_status[0m [2msymbol=POLUSDT regime=MONK confidence=HIGH bias=NEUTRAL volatility=LOW trigger=range_detected:spread=0.0400% leverage=5 hardStop=-5.0%[0m
[90m5:43:14 PM[0m [36mninja_regime_status[0m [2msymbol=XRPUSDT regime=MONK confidence=HIGH bias=NEUTRAL volatility=LOW trigger=range_detected:spread=0.0400% leverage=5 hardStop=-5.0%[0m
[90m5:43:24 PM[0m [36mninja_regime_status[0m [2msymbol=POLUSDT regime=MONK confidence=HIGH bias=NEUTRAL volatility=LOW trigger=range_detected:spread=0.0400% leverage=5 hardStop=-5.0%[0m
[90m5:43:34 PM[0m [36mninja_regime_status[0m [2msymbol=AVAXUSDT regime=WHALE confidence=MED bias=BEAR volatility=LOW trigger=trend_detected:funding=0.000000 leverage=5 hardStop=-20.0%[0m
[90m5:44:25 PM[0m [36mninja_regime_status[0m [2msymbol=XRPUSDT regime=MONK confidence=HIGH bias=NEUTRAL volatility=LOW trigger=range_detected:spread=0.0400% leverage=5 hardStop=-5.0%[0m
[90m5:44:25 PM[0m [36mninja_regime_status[0m [2msymbol=POLUSDT regime=MONK confidence=HIGH bias=NEUTRAL volatility=LOW trigger=range_detected:spread=0.0400% leverage=5 hardStop=-5.0%[0m
[90m5:44:34 PM[0m [36mninja_regime_status[0m [2msymbol=AVAXUSDT regime=WHALE confidence=MED bias=BEAR volatility=LOW trigger=trend_detected:funding=0.000000 leverage=5 hardStop=-20.0%[0m
[90m5:45:35 PM[0m [36mninja_regime_status[0m [2msymbol=XRPUSDT regime=MONK confidence=HIGH bias=NEUTRAL volatility=LOW trigger=range_detected:spread=0.0400% leverage=5 hardStop=-5.0%[0m
[90m5:45:35 PM[0m [36mninja_regime_status[0m [2msymbol=POLUSDT regime=MONK confidence=HIGH bias=NEUTRAL volatility=LOW trigger=range_detected:spread=0.0400% leverage=5 hardStop=-5.0%[0m
[90m5:45:35 PM[0m [36mninja_regime_status[0m [2msymbol=AVAXUSDT regime=WHALE confidence=MED bias=BEAR volatility=LOW trigger=trend_detected:funding=0.000000 leverage=5 hardStop=-20.0%[0m
[90m5:46:44 PM[0m [36mninja_regime_status[0m [2msymbol=XRPUSDT regime=MONK confidence=HIGH bias=NEUTRAL volatility=LOW trigger=range_detected:spread=0.0400% leverage=5 hardStop=-5.0%[0m
[90m5:46:44 PM[0m [36mninja_regime_status[0m [2msymbol=POLUSDT regime=MONK confidence=HIGH bias=NEUTRAL volatility=LOW trigger=range_detected:spread=0.0400% leverage=5 hardStop=-5.0%[0m
[90m5:46:55 PM[0m [36mninja_regime_status[0m [2msymbol=AVAXUSDT regime=WHALE confidence=MED bias=BEAR volatility=LOW trigger=trend_detected:funding=0.000000 leverage=5 hardStop=-20.0%[0m
[90m5:47:44 PM[0m [36mninja_regime_status[0m [2msymbol=XRPUSDT regime=MONK confidence=HIGH bias=NEUTRAL volatility=LOW trigger=range_detected:spread=0.0400% leverage=5 hardStop=-5.0%[0m
[90m5:47:45 PM[0m [36mninja_regime_status[0m [2msymbol=POLUSDT regime=MONK confidence=HIGH bias=NEUTRAL volatility=LOW trigger=range_detected:spread=0.0400% leverage=5 hardStop=-5.0%[0m
[90m5:48:12 PM[0m [36mninja_regime_status[0m [2msymbol=AVAXUSDT regime=WHALE confidence=MED bias=BEAR volatility=LOW trigger=trend_detected:funding=0.000000 leverage=5 hardStop=-20.0%[0m
[90m5:48:44 PM[0m [36mninja_regime_status[0m [2msymbol=XRPUSDT regime=MONK confidence=HIGH bias=NEUTRAL volatility=LOW trigger=range_detected:spread=0.0400% leverage=5 hardStop=-5.0%[0m
[90m5:48:45 PM[0m [36mninja_regime_status[0m [2msymbol=POLUSDT regime=MONK confidence=MED bias=BEAR volatility=LOW trigger=range_detected:spread=0.0400% leverage=5 hardStop=-5.0%[0m
[90m5:49:14 PM[0m [36mninja_regime_status[0m [2msymbol=AVAXUSDT regime=WHALE confidence=MED bias=BEAR volatility=LOW trigger=trend_detected:funding=0.000000 leverage=5 hardStop=-20.0%[0m
[90m5:49:54 PM[0m [36mninja_regime_status[0m [2msymbol=XRPUSDT regime=MONK confidence=HIGH bias=NEUTRAL volatility=LOW trigger=range_detected:spread=0.0400% leverage=5 hardStop=-5.0%[0m
[90m5:49:55 PM[0m [36mninja_regime_status[0m [2msymbol=POLUSDT regime=WHALE confidence=MED bias=BEAR volatility=LOW trigger=trend_detected:funding=0.000000 leverage=5 hardStop=-20.0%[0m
[90m5:50:16 PM[0m [36mninja_regime_status[0m [2msymbol=AVAXUSDT regime=WHALE confidence=MED bias=NEUTRAL volatility=LOW trigger=trend_detected:funding=0.000000 leverage=5 hardStop=-20.0%[0m
[90m5:50:54 PM[0m [36mninja_regime_status[0m [2msymbol=XRPUSDT regime=MONK confidence=HIGH bias=NEUTRAL volatility=LOW trigger=range_detected:spread=0.0400% leverage=5 hardStop=-5.0%[0m
[90m5:50:55 PM[0m [36mninja_regime_status[0m [2msymbol=POLUSDT regime=WHALE confidence=MED bias=BEAR volatility=LOW trigger=trend_detected:funding=0.000000 leverage=5 hardStop=-20.0%[0m
[90m5:51:35 PM[0m [36mninja_regime_status[0m [2msymbol=AVAXUSDT regime=WHALE confidence=HIGH bias=NEUTRAL volatility=LOW trigger=trend_detected:funding=0.000000 leverage=5 hardStop=-20.0%[0m
[90m5:51:55 PM[0m [36mninja_regime_status[0m [2msymbol=XRPUSDT regime=MONK confidence=HIGH bias=NEUTRAL volatility=LOW trigger=range_detected:spread=0.0400% leverage=5 hardStop=-5.0%[0m
[90m5:52:03 PM[0m [36mninja_regime_status[0m [2msymbol=POLUSDT regime=WHALE confidence=HIGH bias=NEUTRAL volatility=LOW trigger=trend_detected:funding=0.000000 leverage=5 hardStop=-20.0%[0m
[90m5:52:54 PM[0m [36mninja_regime_status[0m [2msymbol=AVAXUSDT regime=WHALE confidence=HIGH bias=NEUTRAL volatility=LOW trigger=trend_detected:funding=0.000000 leverage=5 hardStop=-20.0%[0m
[90m5:53:04 PM[0m [36mninja_regime_status[0m [2msymbol=POLUSDT regime=WHALE confidence=HIGH bias=NEUTRAL volatility=LOW trigger=trend_detected:funding=0.000000 leverage=5 hardStop=-20.0%[0m
[90m5:53:05 PM[0m [36mninja_regime_status[0m [2msymbol=XRPUSDT regime=MONK confidence=HIGH bias=NEUTRAL volatility=LOW trigger=range_detected:spread=0.0400% leverage=5 hardStop=-5.0%[0m
[90m5:54:04 PM[0m [36mninja_regime_status[0m [2msymbol=POLUSDT regime=MONK confidence=HIGH bias=NEUTRAL volatility=LOW trigger=range_detected:spread=0.0400% leverage=5 hardStop=-5.0%[0m
[90m5:54:15 PM[0m [36mninja_regime_status[0m [2msymbol=XRPUSDT regime=MONK confidence=HIGH bias=NEUTRAL volatility=LOW trigger=range_detected:spread=0.0400% leverage=5 hardStop=-5.0%[0m
[90m5:54:15 PM[0m [36mninja_regime_status[0m [2msymbol=AVAXUSDT regime=MONK confidence=MED bias=BEAR volatility=LOW trigger=range_detected:spread=0.0400% leverage=5 hardStop=-5.0%[0m
[90m5:55:15 PM[0m [36mninja_regime_status[0m [2msymbol=POLUSDT regime=MONK confidence=HIGH bias=NEUTRAL volatility=LOW trigger=range_detected:spread=0.0400% leverage=5 hardStop=-5.0%[0m
[90m5:55:24 PM[0m [36mninja_regime_status[0m [2msymbol=XRPUSDT regime=MONK confidence=HIGH bias=NEUTRAL volatility=LOW trigger=range_detected:spread=0.0400% leverage=5 hardStop=-5.0%[0m
[90m5:55:35 PM[0m [36mninja_regime_status[0m [2msymbol=AVAXUSDT regime=MONK confidence=MED bias=BEAR volatility=LOW trigger=range_detected:spread=0.0400% leverage=5 hardStop=-5.0%[0m
[90m5:40:29 AM[0m [36mninja_regime_status[0m [2msymbol=AVAXUSDT regime=MONK confidence=LOW bias=NEUTRAL volatility=LOW trigger=range_detected:spread=0.0400% leverage=5 hardStop=-5.0%[0m
[90m5:41:38 AM[0m [36mninja_regime_status[0m [2msymbol=AVAXUSDT regime=MONK confidence=LOW bias=NEUTRAL volatility=LOW trigger=range_detected:spread=0.0400% leverage=5 hardStop=-5.0%[0m
[90m5:42:48 AM[0m [36mninja_regime_status[0m [2msymbol=AVAXUSDT regime=WHALE confidence=MED bias=BEAR volatility=LOW trigger=trend_detected:funding=0.000000 leverage=5 hardStop=-20.0%[0m
[90m5:43:58 AM[0m [36mninja_regime_status[0m [2msymbol=AVAXUSDT regime=WHALE confidence=MED bias=NEUTRAL volatility=LOW trigger=trend_detected:funding=0.000000 leverage=5 hardStop=-20.0%[0m
[90m5:45:09 AM[0m [36mninja_regime_status[0m [2msymbol=AVAXUSDT regime=WHALE confidence=MED bias=BEAR volatility=LOW trigger=trend_detected:funding=0.000000 leverage=5 hardStop=-20.0%[0m
[90m5:46:18 AM[0m [36mninja_regime_status[0m [2msymbol=AVAXUSDT regime=WHALE confidence=LOW bias=BEAR volatility=LOW trigger=trend_detected:funding=0.000000 leverage=5 hardStop=-20.0%[0m
[90m5:47:28 AM[0m [36mninja_regime_status[0m [2msymbol=AVAXUSDT regime=WHALE confidence=MED bias=BEAR volatility=LOW trigger=trend_detected:funding=0.000000 leverage=5 hardStop=-20.0%[0m
[90m5:48:38 AM[0m [36mninja_regime_status[0m [2msymbol=AVAXUSDT regime=WHALE confidence=MED bias=BEAR volatility=LOW trigger=trend_detected:funding=0.000000 leverage=5 hardStop=-20.0%[0m
[90m5:49:38 AM[0m [36mninja_regime_status[0m [2msymbol=AVAXUSDT regime=WHALE confidence=MED bias=BEAR volatility=LOW trigger=trend_detected:funding=0.000000 leverage=5 hardStop=-20.0%[0m
[90m5:50:48 AM[0m [36mninja_regime_status[0m [2msymbol=AVAXUSDT regime=WHALE confidence=MED bias=BEAR volatility=LOW trigger=trend_detected:funding=0.000000 leverage=5 hardStop=-20.0%[0m
[90m5:51:58 AM[0m [36mninja_regime_status[0m [2msymbol=AVAXUSDT regime=WHALE confidence=MED bias=BEAR volatility=LOW trigger=trend_detected:funding=0.000000 leverage=5 hardStop=-20.0%[0m
[90m5:53:08 AM[0m [36mninja_regime_status[0m [2msymbol=AVAXUSDT regime=WHALE confidence=MED bias=BEAR volatility=LOW trigger=trend_detected:funding=0.000000 leverage=5 hardStop=-20.0%[0m
[90m5:54:18 AM[0m [36mninja_regime_status[0m [2msymbol=AVAXUSDT regime=WHALE confidence=MED bias=BEAR volatility=LOW trigger=trend_detected:funding=0.000000 leverage=5 hardStop=-20.0%[0m
[90m5:55:28 AM[0m [36mninja_regime_status[0m [2msymbol=AVAXUSDT regime=WHALE confidence=MED bias=BEAR volatility=LOW trigger=trend_detected:funding=0.000000 leverage=5 hardStop=-20.0%[0m
[90m5:40:42 PM[0m [36mninja_regime_status[0m [2msymbol=AVAXUSDT regime=MONK confidence=MED bias=NEUTRAL volatility=LOW trigger=range_detected:spread=0.0400% leverage=5 hardStop=-5.0%[0m
[90m5:41:42 PM[0m [36mninja_regime_status[0m [2msymbol=AVAXUSDT regime=MONK confidence=LOW bias=BEAR volatility=LOW trigger=range_detected:spread=0.0400% leverage=5 hardStop=-5.0%[0m
[90m5:42:51 PM[0m [36mninja_regime_status[0m [2msymbol=AVAXUSDT regime=WHALE confidence=MED bias=NEUTRAL volatility=LOW trigger=trend_detected:funding=0.000000 leverage=5 hardStop=-20.0%[0m
[90m5:44:02 PM[0m [36mninja_regime_status[0m [2msymbol=AVAXUSDT regime=WHALE confidence=LOW bias=NEUTRAL volatility=LOW trigger=trend_detected:funding=0.000000 leverage=5 hardStop=-20.0%[0m
[90m5:45:02 PM[0m [36mninja_regime_status[0m [2msymbol=AVAXUSDT regime=WHALE confidence=MED bias=NEUTRAL volatility=LOW trigger=trend_detected:funding=0.000000 leverage=5 hardStop=-20.0%[0m
[90m5:46:12 PM[0m [36mninja_regime_status[0m [2msymbol=AVAXUSDT regime=MONK confidence=LOW bias=NEUTRAL volatility=LOW trigger=range_detected:spread=0.0400% leverage=5 hardStop=-5.0%[0m
[90m5:47:22 PM[0m [36mninja_regime_status[0m [2msymbol=AVAXUSDT regime=WHALE confidence=MED bias=BEAR volatility=LOW trigger=trend_detected:funding=0.000000 leverage=5 hardStop=-20.0%[0m
[90m5:48:31 PM[0m [36mninja_regime_status[0m [2msymbol=AVAXUSDT regime=WHALE confidence=MED bias=BEAR volatility=LOW trigger=trend_detected:funding=0.000000 leverage=5 hardStop=-20.0%[0m
[90m5:49:31 PM[0m [36mninja_regime_status[0m [2msymbol=AVAXUSDT regime=WHALE confidence=LOW bias=BEAR volatility=LOW trigger=trend_detected:funding=0.000000 leverage=5 hardStop=-20.0%[0m
[90m5:50:32 PM[0m [36mninja_regime_status[0m [2msymbol=AVAXUSDT regime=WHALE confidence=MED bias=NEUTRAL volatility=LOW trigger=trend_detected:funding=0.000000 leverage=5 hardStop=-20.0%[0m
[90m5:51:32 PM[0m [36mninja_regime_status[0m [2msymbol=AVAXUSDT regime=MONK confidence=LOW bias=NEUTRAL volatility=LOW trigger=range_detected:spread=0.0400% leverage=5 hardStop=-5.0%[0m
[90m5:52:42 PM[0m [36mninja_regime_status[0m [2msymbol=AVAXUSDT regime=MONK confidence=LOW bias=NEUTRAL volatility=LOW trigger=range_detected:spread=0.0400% leverage=5 hardStop=-5.0%[0m
[90m5:53:42 PM[0m [36mninja_regime_status[0m [2msymbol=AVAXUSDT regime=MONK confidence=LOW bias=BEAR volatility=LOW trigger=range_detected:spread=0.0400% leverage=5 hardStop=-5.0%[0m
[90m5:54:51 PM[0m [36mninja_regime_status[0m [2msymbol=AVAXUSDT regime=WHALE confidence=LOW bias=NEUTRAL volatility=LOW trigger=trend_detected:funding=0.000000 leverage=5 hardStop=-20.0%[0m
[90m5:55:51 PM[0m [36mninja_regime_status[0m [2msymbol=AVAXUSDT regime=WHALE confidence=LOW bias=NEUTRAL volatility=LOW trigger=trend_detected:funding=0.000000 leverage=5 hardStop=-20.0%[0m
[90m5:40:04 AM[0m [36mninja_regime_status[0m [2msymbol=XRPUSDT regime=MONK confidence=HIGH bias=NEUTRAL volatility=LOW trigger=range_detected:spread=0.0400% leverage=6 hardStop=-6.0%[0m
[90m5:40:45 AM[0m [36mninja_regime_status[0m [2msymbol=AVAXUSDT regime=MONK confidence=HIGH bias=NEUTRAL volatility=LOW trigger=range_detected:spread=0.0400% leverage=6 hardStop=-6.0%[0m
[90m5:41:05 AM[0m [36mninja_regime_status[0m [2msymbol=XRPUSDT regime=MONK confidence=MED bias=NEUTRAL volatility=LOW trigger=range_detected:spread=0.0400% leverage=6 hardStop=-6.0%[0m
[90m5:41:06 AM[0m [36mninja_regime_status[0m [2msymbol=POLUSDT regime=WHALE confidence=MED bias=BEAR volatility=LOW trigger=trend_detected:funding=0.000000 leverage=7 hardStop=-25.0%[0m
[90m5:41:45 AM[0m [36mninja_regime_status[0m [2msymbol=AVAXUSDT regime=MONK confidence=HIGH bias=NEUTRAL volatility=LOW trigger=range_detected:spread=0.0400% leverage=6 hardStop=-6.0%[0m
[90m5:42:08 AM[0m [36mninja_regime_status[0m [2msymbol=POLUSDT regime=WHALE confidence=MED bias=BEAR volatility=LOW trigger=trend_detected:funding=0.000000 leverage=7 hardStop=-25.0%[0m
[90m5:42:15 AM[0m [36mninja_regime_status[0m [2msymbol=XRPUSDT regime=MONK confidence=MED bias=NEUTRAL volatility=LOW trigger=range_detected:spread=0.0400% leverage=6 hardStop=-6.0%[0m
[90m5:42:54 AM[0m [36mninja_regime_status[0m [2msymbol=AVAXUSDT regime=MONK confidence=HIGH bias=NEUTRAL volatility=LOW trigger=range_detected:spread=0.0400% leverage=6 hardStop=-6.0%[0m
[90m5:43:15 AM[0m [36mninja_regime_status[0m [2msymbol=XRPUSDT regime=MONK confidence=MED bias=NEUTRAL volatility=LOW trigger=range_detected:spread=0.0400% leverage=6 hardStop=-6.0%[0m
[90m5:43:18 AM[0m [36mninja_regime_status[0m [2msymbol=POLUSDT regime=WHALE confidence=MED bias=BEAR volatility=LOW trigger=trend_detected:funding=0.000000 leverage=7 hardStop=-25.0%[0m
[90m5:43:55 AM[0m [36mninja_regime_status[0m [2msymbol=AVAXUSDT regime=MONK confidence=HIGH bias=NEUTRAL volatility=LOW trigger=range_detected:spread=0.0400% leverage=6 hardStop=-6.0%[0m
[90m5:44:15 AM[0m [36mninja_regime_status[0m [2msymbol=XRPUSDT regime=MONK confidence=MED bias=BULL volatility=LOW trigger=range_detected:spread=0.0400% leverage=6 hardStop=-6.0%[0m
[90m5:44:18 AM[0m [36mninja_regime_status[0m [2msymbol=POLUSDT regime=WHALE confidence=MED bias=BEAR volatility=LOW trigger=trend_detected:funding=0.000000 leverage=7 hardStop=-25.0%[0m
[90m5:44:55 AM[0m [36mninja_regime_status[0m [2msymbol=AVAXUSDT regime=MONK confidence=HIGH bias=NEUTRAL volatility=LOW trigger=range_detected:spread=0.0400% leverage=6 hardStop=-6.0%[0m
[90m5:45:25 AM[0m [36mninja_regime_status[0m [2msymbol=XRPUSDT regime=WHALE confidence=HIGH bias=NEUTRAL volatility=LOW trigger=trend_detected:funding=0.000000 leverage=8 hardStop=-25.0%[0m
[90m5:45:30 AM[0m [36mninja_regime_status[0m [2msymbol=POLUSDT regime=WHALE confidence=MED bias=BEAR volatility=LOW trigger=trend_detected:funding=0.000000 leverage=7 hardStop=-25.0%[0m
[90m5:46:04 AM[0m [36mninja_regime_status[0m [2msymbol=AVAXUSDT regime=MONK confidence=MED bias=BULL volatility=LOW trigger=range_detected:spread=0.0400% leverage=6 hardStop=-6.0%[0m
[90m5:46:25 AM[0m [36mninja_regime_status[0m [2msymbol=XRPUSDT regime=WHALE confidence=MED bias=NEUTRAL volatility=LOW trigger=trend_detected:funding=0.000000 leverage=8 hardStop=-25.0%[0m
[90m5:46:40 AM[0m [36mninja_regime_status[0m [2msymbol=POLUSDT regime=WHALE confidence=MED bias=BEAR volatility=LOW trigger=trend_detected:funding=0.000000 leverage=7 hardStop=-25.0%[0m
[90m5:47:14 AM[0m [36mninja_regime_status[0m [2msymbol=AVAXUSDT regime=WHALE confidence=MED bias=BULL volatility=LOW trigger=trend_detected:funding=0.000000 leverage=7 hardStop=-25.0%[0m
[90m5:47:35 AM[0m [36mninja_regime_status[0m [2msymbol=XRPUSDT regime=MONK confidence=LOW bias=BEAR volatility=LOW trigger=range_detected:spread=0.0400% leverage=6 hardStop=-6.0%[0m
[90m5:47:49 AM[0m [36mninja_regime_status[0m [2msymbol=POLUSDT regime=WHALE confidence=MED bias=BEAR volatility=LOW trigger=trend_detected:funding=0.000000 leverage=7 hardStop=-25.0%[0m
[90m5:48:15 AM[0m [36mninja_regime_status[0m [2msymbol=AVAXUSDT regime=WHALE confidence=MED bias=BULL volatility=LOW trigger=trend_detected:funding=0.000000 leverage=7 hardStop=-25.0%[0m
[90m5:48:45 AM[0m [36mninja_regime_status[0m [2msymbol=XRPUSDT regime=MONK confidence=HIGH bias=NEUTRAL volatility=LOW trigger=range_detected:spread=0.0400% leverage=6 hardStop=-6.0%[0m
[90m5:48:58 AM[0m [36mninja_regime_status[0m [2msymbol=POLUSDT regime=WHALE confidence=HIGH bias=BEAR volatility=LOW trigger=trend_detected:funding=0.000000 leverage=7 hardStop=-25.0%[0m
[90m5:49:24 AM[0m [36mninja_regime_status[0m [2msymbol=AVAXUSDT regime=WHALE confidence=HIGH bias=NEUTRAL volatility=LOW trigger=trend_detected:funding=0.000000 leverage=7 hardStop=-25.0%[0m
[90m5:49:54 AM[0m [36mninja_regime_status[0m [2msymbol=XRPUSDT regime=MONK confidence=MED bias=NEUTRAL volatility=LOW trigger=range_detected:spread=0.0400% leverage=6 hardStop=-6.0%[0m
[90m5:49:58 AM[0m [36mninja_regime_status[0m [2msymbol=POLUSDT regime=WHALE confidence=HIGH bias=BEAR volatility=LOW trigger=trend_detected:funding=0.000000 leverage=7 hardStop=-25.0%[0m
[90m5:50:34 AM[0m [36mninja_regime_status[0m [2msymbol=AVAXUSDT regime=MONK confidence=HIGH bias=NEUTRAL volatility=LOW trigger=range_detected:spread=0.0400% leverage=6 hardStop=-6.0%[0m
[90m5:50:54 AM[0m [36mninja_regime_status[0m [2msymbol=XRPUSDT regime=WHALE confidence=MED bias=BULL volatility=LOW trigger=trend_detected:funding=0.000000 leverage=8 hardStop=-25.0%[0m
[90m5:50:59 AM[0m [36mninja_regime_status[0m [2msymbol=POLUSDT regime=WHALE confidence=MED bias=BEAR volatility=LOW trigger=trend_detected:funding=0.000000 leverage=7 hardStop=-25.0%[0m
[90m5:51:45 AM[0m [36mninja_regime_status[0m [2msymbol=AVAXUSDT regime=MONK confidence=HIGH bias=NEUTRAL volatility=LOW trigger=range_detected:spread=0.0400% leverage=6 hardStop=-6.0%[0m
[90m5:51:55 AM[0m [36mninja_regime_status[0m [2msymbol=XRPUSDT regime=WHALE confidence=HIGH bias=BULL volatility=LOW trigger=trend_detected:funding=0.000000 leverage=8 hardStop=-25.0%[0m
[90m5:52:09 AM[0m [36mninja_regime_status[0m [2msymbol=POLUSDT regime=WHALE confidence=MED bias=BEAR volatility=LOW trigger=trend_detected:funding=0.000000 leverage=7 hardStop=-25.0%[0m
[90m5:52:55 AM[0m [36mninja_regime_status[0m [2msymbol=AVAXUSDT regime=MONK confidence=HIGH bias=NEUTRAL volatility=LOW trigger=range_detected:spread=0.0400% leverage=6 hardStop=-6.0%[0m
[90m5:53:04 AM[0m [36mninja_regime_status[0m [2msymbol=XRPUSDT regime=WHALE confidence=MED bias=BULL volatility=LOW trigger=trend_detected:funding=0.000000 leverage=8 hardStop=-25.0%[0m
[90m5:53:18 AM[0m [36mninja_regime_status[0m [2msymbol=POLUSDT regime=WHALE confidence=MED bias=BEAR volatility=LOW trigger=trend_detected:funding=0.000000 leverage=7 hardStop=-25.0%[0m
[90m5:54:04 AM[0m [36mninja_regime_status[0m [2msymbol=AVAXUSDT regime=MONK confidence=HIGH bias=NEUTRAL volatility=LOW trigger=range_detected:spread=0.0400% leverage=6 hardStop=-6.0%[0m
[90m5:54:14 AM[0m [36mninja_regime_status[0m [2msymbol=XRPUSDT regime=WHALE confidence=HIGH bias=BULL volatility=LOW trigger=trend_detected:funding=0.000000 leverage=8 hardStop=-25.0%[0m
[90m5:54:27 AM[0m [36mninja_regime_status[0m [2msymbol=POLUSDT regime=WHALE confidence=MED bias=BEAR volatility=LOW trigger=trend_detected:funding=0.000000 leverage=7 hardStop=-25.0%[0m
[90m5:55:05 AM[0m [36mninja_regime_status[0m [2msymbol=AVAXUSDT regime=MONK confidence=MED bias=NEUTRAL volatility=LOW trigger=range_detected:spread=0.0400% leverage=6 hardStop=-6.0%[0m
[90m5:55:22 AM[0m [36mninja_regime_status[0m [2msymbol=XRPUSDT regime=WHALE confidence=HIGH bias=NEUTRAL volatility=LOW trigger=trend_detected:funding=0.000000 leverage=8 hardStop=-25.0%[0m
[90m5:55:27 AM[0m [36mninja_regime_status[0m [2msymbol=POLUSDT regime=WHALE confidence=MED bias=BEAR volatility=LOW trigger=trend_detected:funding=0.000000 leverage=7 hardStop=-25.0%[0m
[90m5:40:23 PM[0m [36mninja_regime_status[0m [2msymbol=AVAXUSDT regime=MONK confidence=HIGH bias=NEUTRAL volatility=LOW trigger=range_detected:spread=0.0400% leverage=6 hardStop=-6.0%[0m
[90m5:41:38 PM[0m [36mninja_regime_status[0m [2msymbol=AVAXUSDT regime=MONK confidence=MED bias=BEAR volatility=LOW trigger=range_detected:spread=0.0400% leverage=6 hardStop=-6.0%[0m
[90m5:42:53 PM[0m [36mninja_regime_status[0m [2msymbol=AVAXUSDT regime=MONK confidence=LOW bias=BEAR volatility=LOW trigger=range_detected:spread=0.0400% leverage=6 hardStop=-6.0%[0m
[90m5:43:46 PM[0m [36mninja_regime_status[0m [2msymbol=AVAXUSDT regime=MONK confidence=MED bias=NEUTRAL volatility=LOW trigger=range_detected:spread=0.0400% leverage=6 hardStop=-6.0%[0m
[90m5:43:47 PM[0m [36mninja_regime_status[0m [2msymbol=XRPUSDT regime=MONK confidence=HIGH bias=NEUTRAL volatility=LOW trigger=range_detected:spread=0.0400% leverage=6 hardStop=-6.0%[0m
[90m5:43:48 PM[0m [36mninja_regime_status[0m [2msymbol=POLUSDT regime=MONK confidence=MED bias=NEUTRAL volatility=LOW trigger=range_detected:spread=0.0400% leverage=6 hardStop=-6.0%[0m
[90m5:44:55 PM[0m [36mninja_regime_status[0m [2msymbol=POLUSDT regime=MONK confidence=LOW bias=BULL volatility=LOW trigger=range_detected:spread=0.0400% leverage=6 hardStop=-6.0%[0m
[90m5:45:09 PM[0m [36mninja_regime_status[0m [2msymbol=XRPUSDT regime=MONK confidence=MED bias=BEAR volatility=LOW trigger=range_detected:spread=0.0400% leverage=6 hardStop=-6.0%[0m
[90m5:45:12 PM[0m [36mninja_regime_status[0m [2msymbol=AVAXUSDT regime=MONK confidence=MED bias=NEUTRAL volatility=LOW trigger=range_detected:spread=0.0400% leverage=6 hardStop=-6.0%[0m
[90m5:46:12 PM[0m [36mninja_regime_status[0m [2msymbol=POLUSDT regime=MONK confidence=MED bias=BULL volatility=LOW trigger=range_detected:spread=0.0400% leverage=6 hardStop=-6.0%[0m
[90m5:46:19 PM[0m [36mninja_regime_status[0m [2msymbol=XRPUSDT regime=WHALE confidence=MED bias=NEUTRAL volatility=LOW trigger=trend_detected:funding=0.000000 leverage=8 hardStop=-25.0%[0m
[90m5:46:30 PM[0m [36mninja_regime_status[0m [2msymbol=AVAXUSDT regime=MONK confidence=MED bias=NEUTRAL volatility=LOW trigger=range_detected:spread=0.0400% leverage=6 hardStop=-6.0%[0m
[90m5:47:26 PM[0m [36mninja_regime_status[0m [2msymbol=XRPUSDT regime=WHALE confidence=MED bias=BULL volatility=LOW trigger=trend_detected:funding=0.000000 leverage=8 hardStop=-25.0%[0m
[90m5:47:29 PM[0m [36mninja_regime_status[0m [2msymbol=POLUSDT regime=WHALE confidence=LOW bias=BULL volatility=LOW trigger=trend_detected:funding=0.000000 leverage=7 hardStop=-25.0%[0m
[90m5:47:54 PM[0m [36mninja_regime_status[0m [2msymbol=AVAXUSDT regime=MONK confidence=HIGH bias=NEUTRAL volatility=LOW trigger=range_detected:spread=0.0400% leverage=6 hardStop=-6.0%[0m
[90m5:48:11 PM[0m [36mtrailing_ratchet_update[0m [2msymbol=XRPUSDT oldStop=2.3443 newStop=2.2631 lockedRoe=1.36%[0m
[90m5:48:28 PM[0m [36mninja_regime_status[0m [2msymbol=XRPUSDT regime=WHALE confidence=MED bias=BEAR volatility=LOW trigger=trend_detected:funding=0.000000 leverage=8 hardStop=-25.0%[0m
[90m5:48:39 PM[0m [36mninja_regime_status[0m [2msymbol=POLUSDT regime=WHALE confidence=MED bias=BULL volatility=LOW trigger=trend_detected:funding=0.000000 leverage=7 hardStop=-25.0%[0m
[90m5:49:09 PM[0m [36mninja_regime_status[0m [2msymbol=AVAXUSDT regime=MONK confidence=HIGH bias=NEUTRAL volatility=LOW trigger=range_detected:spread=0.0400% leverage=6 hardStop=-6.0%[0m
[90m5:49:16 PM[0m [36msymbol_loss_recorded[0m [2msymbol=AVAXUSDT outcome=loss pnlUsd=-0.155 roiPct=-5.36 reason=MONK_DYNAMIC_LOCK[0m
[90m5:49:34 PM[0m [36mninja_regime_status[0m [2msymbol=XRPUSDT regime=WHALE confidence=HIGH bias=NEUTRAL volatility=LOW trigger=trend_detected:funding=0.000000 leverage=8 hardStop=-25.0%[0m
[90m5:49:52 PM[0m [36mninja_regime_status[0m [2msymbol=POLUSDT regime=WHALE confidence=MED bias=NEUTRAL volatility=LOW trigger=trend_detected:funding=0.000000 leverage=7 hardStop=-25.0%[0m
[90m5:50:05 PM[0m [36msymbol_loss_recorded[0m [2msymbol=POLUSDT outcome=loss pnlUsd=-0.35244 roiPct=-5.24 reason=MONK_HARD_STOP[0m
[90m5:50:55 PM[0m [36mninja_regime_status[0m [2msymbol=POLUSDT regime=WHALE confidence=MED bias=BULL volatility=LOW trigger=trend_detected:funding=0.000000 leverage=7 hardStop=-25.0%[0m
[90m5:52:02 PM[0m [36mninja_regime_status[0m [2msymbol=POLUSDT regime=WHALE confidence=MED bias=BULL volatility=LOW trigger=trend_detected:funding=0.000000 leverage=7 hardStop=-25.0%[0m
[90m5:53:05 PM[0m [36mninja_regime_status[0m [2msymbol=POLUSDT regime=WHALE confidence=LOW bias=BULL volatility=LOW trigger=trend_detected:funding=0.000000 leverage=7 hardStop=-25.0%[0m
[90m5:53:23 PM[0m [36mninja_regime_status[0m [2msymbol=AVAXUSDT regime=WHALE confidence=MED bias=BULL volatility=LOW trigger=trend_detected:funding=0.000000 leverage=7 hardStop=-25.0%[0m
[90m5:54:13 PM[0m [36mninja_regime_status[0m [2msymbol=POLUSDT regime=WHALE confidence=LOW bias=BULL volatility=LOW trigger=trend_detected:funding=0.000000 leverage=7 hardStop=-25.0%[0m
[90m5:54:35 PM[0m [36mninja_regime_status[0m [2msymbol=AVAXUSDT regime=WHALE confidence=MED bias=BULL volatility=LOW trigger=trend_detected:funding=0.000000 leverage=7 hardStop=-25.0%[0m
[90m5:55:23 PM[0m [36mninja_regime_status[0m [2msymbol=POLUSDT regime=WHALE confidence=MED bias=BULL volatility=LOW trigger=trend_detected:funding=0.000000 leverage=7 hardStop=-25.0%[0m
[90m5:55:44 PM[0m [36mninja_regime_status[0m [2msymbol=AVAXUSDT regime=WHALE confidence=MED bias=BULL volatility=LOW trigger=trend_detected:funding=0.000000 leverage=7 hardStop=-25.0%[0m
