2025-11-24 23:36:31,294 - technical_indicators - INFO - Calculating momentum indicators...
2025-11-24 23:36:31,297 - technical_indicators - INFO - Calculating trend indicators...
2025-11-24 23:36:31,303 - technical_indicators - INFO - Calculating volatility indicators...
2025-11-24 23:36:31,309 - technical_indicators - INFO - Calculating volume indicators...
/home/jasan/Develop/trading_system/.venv/lib/python3.12/site-packages/torch/nn/utils/weight_norm.py:134: FutureWarning: `torch.nn.utils.weight_norm` is deprecated in favor of `torch.nn.utils.parametrizations.weight_norm`.
  WeightNorm.apply(module, name, dim)
Traceback (most recent call last):
  File "/home/jasan/Develop/trading_system/scripts/test_new_features.py", line 94, in test_pipeline
    loader = DataLoader(dataset, batch_size=16)
             ^^^^^^^^^^
NameError: name 'DataLoader' is not defined
🚀 Testing New Features & Architecture Pipeline

1. Testing Feature Generation...
✅ Data Loaded: (940, 101)
✅ New Features Found: ['atr_pct', 'volume_flow', 'price_location']

2. Testing TCN Model Initialization...
✅ TCN Model Initialized
✅ Forward Pass Output Shape: torch.Size([2, 3])

3. Testing Trainer Integration...
❌ Trainer Failed: name 'DataLoader' is not defined
