[90m9:52:34 AM[0m [36mninja_regime_status[0m [2msymbol=XRPUSDT regime=MONK confidence=HIGH bias=NEUTRAL volatility=LOW trigger=range_detected:spread=0.0400% leverage=5 hardStop=-5.0%[0m
[90m9:53:35 AM[0m [36mninja_regime_status[0m [2msymbol=XRPUSDT regime=MONK confidence=HIGH bias=BEAR volatility=LOW trigger=range_detected:spread=0.0400% leverage=5 hardStop=-5.0%[0m
[90m9:54:45 AM[0m [36mninja_regime_status[0m [2msymbol=XRPUSDT regime=WHALE confidence=HIGH bias=BEAR volatility=LOW trigger=trend_detected:funding=0.000000 leverage=5 hardStop=-20.0%[0m
[90m9:55:45 AM[0m [36mninja_regime_status[0m [2msymbol=XRPUSDT regime=WHALE confidence=HIGH bias=BEAR volatility=LOW trigger=trend_detected:funding=0.000000 leverage=5 hardStop=-20.0%[0m
[90m9:57:06 AM[0m [36mninja_regime_status[0m [2msymbol=XRPUSDT regime=WHALE confidence=MED bias=BEAR volatility=LOW trigger=trend_detected:funding=0.000000 leverage=5 hardStop=-20.0%[0m
[90m9:58:06 AM[0m [36mninja_regime_status[0m [2msymbol=XRPUSDT regime=WHALE confidence=MED bias=BEAR volatility=LOW trigger=trend_detected:funding=0.000000 leverage=5 hardStop=-20.0%[0m
[90m9:59:26 AM[0m [36mninja_regime_status[0m [2msymbol=XRPUSDT regime=WHALE confidence=MED bias=BEAR volatility=LOW trigger=trend_detected:funding=0.000000 leverage=5 hardStop=-20.0%[0m
[90m10:00:46 AM[0m [36mninja_regime_status[0m [2msymbol=XRPUSDT regime=WHALE confidence=MED bias=BEAR volatility=LOW trigger=trend_detected:funding=0.000000 leverage=5 hardStop=-20.0%[0m
[90m10:02:05 AM[0m [36mninja_regime_status[0m [2msymbol=XRPUSDT regime=WHALE confidence=HIGH bias=BEAR volatility=LOW trigger=trend_detected:funding=0.000000 leverage=5 hardStop=-20.0%[0m
[90m10:03:27 AM[0m [36mninja_regime_status[0m [2msymbol=XRPUSDT regime=WHALE confidence=HIGH bias=NEUTRAL volatility=LOW trigger=trend_detected:funding=0.000000 leverage=5 hardStop=-20.0%[0m
[90m10:04:45 AM[0m [36mninja_regime_status[0m [2msymbol=XRPUSDT regime=WHALE confidence=HIGH bias=NEUTRAL volatility=LOW trigger=trend_detected:funding=0.000000 leverage=5 hardStop=-20.0%[0m
[90m10:06:05 AM[0m [36mninja_regime_status[0m [2msymbol=XRPUSDT regime=WHALE confidence=HIGH bias=NEUTRAL volatility=LOW trigger=trend_detected:funding=0.000000 leverage=5 hardStop=-20.0%[0m
[90m10:07:06 AM[0m [36mninja_regime_status[0m [2msymbol=XRPUSDT regime=MONK confidence=HIGH bias=NEUTRAL volatility=LOW trigger=range_detected:spread=0.0400% leverage=5 hardStop=-5.0%[0m
[90m10:08:07 AM[0m [36mninja_regime_status[0m [2msymbol=XRPUSDT regime=MONK confidence=HIGH bias=NEUTRAL volatility=LOW trigger=range_detected:spread=0.0400% leverage=5 hardStop=-5.0%[0m
[90m10:09:26 AM[0m [36mninja_regime_status[0m [2msymbol=XRPUSDT regime=MONK confidence=HIGH bias=NEUTRAL volatility=LOW trigger=range_detected:spread=0.0400% leverage=5 hardStop=-5.0%[0m
[90m10:10:45 AM[0m [36mninja_regime_status[0m [2msymbol=XRPUSDT regime=MONK confidence=HIGH bias=BEAR volatility=LOW trigger=range_detected:spread=0.0400% leverage=5 hardStop=-5.0%[0m
[90m10:12:06 AM[0m [36mninja_regime_status[0m [2msymbol=XRPUSDT regime=MONK confidence=HIGH bias=BEAR volatility=LOW trigger=range_detected:spread=0.0400% leverage=5 hardStop=-5.0%[0m
[90m10:13:26 AM[0m [36mninja_regime_status[0m [2msymbol=XRPUSDT regime=MONK confidence=HIGH bias=BEAR volatility=LOW trigger=range_detected:spread=0.0400% leverage=5 hardStop=-5.0%[0m
[90m10:14:27 AM[0m [36mninja_regime_status[0m [2msymbol=XRPUSDT regime=MONK confidence=HIGH bias=BEAR volatility=LOW trigger=range_detected:spread=0.0400% leverage=5 hardStop=-5.0%[0m
[90m10:15:46 AM[0m [36mninja_regime_status[0m [2msymbol=XRPUSDT regime=WHALE confidence=HIGH bias=BEAR volatility=LOW trigger=trend_detected:funding=0.000000 leverage=5 hardStop=-20.0%[0m
[90m10:17:05 AM[0m [36mninja_regime_status[0m [2msymbol=XRPUSDT regime=WHALE confidence=HIGH bias=BEAR volatility=LOW trigger=trend_detected:funding=0.000000 leverage=5 hardStop=-20.0%[0m
[90m10:18:26 AM[0m [36mninja_regime_status[0m [2msymbol=XRPUSDT regime=WHALE confidence=HIGH bias=BEAR volatility=LOW trigger=trend_detected:funding=0.000000 leverage=5 hardStop=-20.0%[0m
[90m10:19:46 AM[0m [36mninja_regime_status[0m [2msymbol=XRPUSDT regime=WHALE confidence=HIGH bias=BEAR volatility=LOW trigger=trend_detected:funding=0.000000 leverage=5 hardStop=-20.0%[0m
[90m10:21:06 AM[0m [36mninja_regime_status[0m [2msymbol=XRPUSDT regime=WHALE confidence=HIGH bias=NEUTRAL volatility=LOW trigger=trend_detected:funding=0.000000 leverage=5 hardStop=-20.0%[0m
[90m10:22:26 AM[0m [36mninja_regime_status[0m [2msymbol=XRPUSDT regime=WHALE confidence=HIGH bias=NEUTRAL volatility=LOW trigger=trend_detected:funding=0.000000 leverage=5 hardStop=-20.0%[0m
[90m10:23:45 AM[0m [36mninja_regime_status[0m [2msymbol=XRPUSDT regime=WHALE confidence=HIGH bias=BEAR volatility=LOW trigger=trend_detected:funding=0.000000 leverage=5 hardStop=-20.0%[0m
[90m10:24:45 AM[0m [36mninja_regime_status[0m [2msymbol=XRPUSDT regime=WHALE confidence=HIGH bias=BEAR volatility=LOW trigger=trend_detected:funding=0.000000 leverage=5 hardStop=-20.0%[0m
[90m10:26:05 AM[0m [36mninja_regime_status[0m [2msymbol=XRPUSDT regime=WHALE confidence=HIGH bias=NEUTRAL volatility=LOW trigger=trend_detected:funding=0.000000 leverage=5 hardStop=-20.0%[0m
[90m10:27:26 AM[0m [36mninja_regime_status[0m [2msymbol=XRPUSDT regime=WHALE confidence=HIGH bias=NEUTRAL volatility=LOW trigger=trend_detected:funding=0.000000 leverage=5 hardStop=-20.0%[0m
[90m10:28:46 AM[0m [36mninja_regime_status[0m [2msymbol=XRPUSDT regime=WHALE confidence=HIGH bias=BEAR volatility=LOW trigger=trend_detected:funding=0.000000 leverage=5 hardStop=-20.0%[0m
[90m10:30:06 AM[0m [36mninja_regime_status[0m [2msymbol=XRPUSDT regime=WHALE confidence=HIGH bias=NEUTRAL volatility=LOW trigger=trend_detected:funding=0.000000 leverage=5 hardStop=-20.0%[0m
[90m10:31:25 AM[0m [36mninja_regime_status[0m [2msymbol=XRPUSDT regime=WHALE confidence=HIGH bias=NEUTRAL volatility=LOW trigger=trend_detected:funding=0.000000 leverage=5 hardStop=-20.0%[0m
[90m9:52:28 AM[0m [36mninja_regime_status[0m [2msymbol=XRPUSDT regime=WHALE confidence=HIGH bias=BULL volatility=LOW trigger=trend_detected:funding=0.000000 leverage=8 hardStop=-25.0%[0m
[90m9:53:46 AM[0m [36mninja_regime_status[0m [2msymbol=XRPUSDT regime=WHALE confidence=MED bias=BULL volatility=LOW trigger=trend_detected:funding=0.000000 leverage=8 hardStop=-25.0%[0m
[90m9:54:25 AM[0m [36mtrailing_ratchet_update[0m [2msymbol=XRPUSDT oldStop=2.2813 newStop=2.3521 lockedRoe=0.97%[0m
[90m9:55:06 AM[0m [36mninja_regime_status[0m [2msymbol=XRPUSDT regime=WHALE confidence=MED bias=BULL volatility=LOW trigger=trend_detected:funding=0.000000 leverage=8 hardStop=-25.0%[0m
[90m9:56:27 AM[0m [36mninja_regime_status[0m [2msymbol=XRPUSDT regime=WHALE confidence=MED bias=BULL volatility=LOW trigger=trend_detected:funding=0.000000 leverage=8 hardStop=-25.0%[0m
[90m9:56:27 AM[0m [36mtrailing_ratchet_update[0m [2msymbol=XRPUSDT oldStop=2.2799 newStop=2.3531 lockedRoe=1.32%[0m
[90m9:56:45 AM[0m [36mtrailing_ratchet_update[0m [2msymbol=XRPUSDT oldStop=2.2799 newStop=2.3529 lockedRoe=1.21%[0m
[90m9:57:05 AM[0m [36mtrailing_ratchet_update[0m [2msymbol=XRPUSDT oldStop=2.2799 newStop=2.3524 lockedRoe=0.94%[0m
[90m9:57:47 AM[0m [36mninja_regime_status[0m [2msymbol=XRPUSDT regime=WHALE confidence=MED bias=NEUTRAL volatility=LOW trigger=trend_detected:funding=0.000000 leverage=8 hardStop=-25.0%[0m
[90m9:59:07 AM[0m [36mninja_regime_status[0m [2msymbol=XRPUSDT regime=WHALE confidence=HIGH bias=NEUTRAL volatility=LOW trigger=trend_detected:funding=0.000000 leverage=8 hardStop=-25.0%[0m
[90m10:00:09 AM[0m [36mninja_regime_status[0m [2msymbol=XRPUSDT regime=WHALE confidence=HIGH bias=NEUTRAL volatility=LOW trigger=trend_detected:funding=0.000000 leverage=8 hardStop=-25.0%[0m
[90m10:01:28 AM[0m [36mninja_regime_status[0m [2msymbol=XRPUSDT regime=MONK confidence=MED bias=NEUTRAL volatility=LOW trigger=range_detected:spread=0.0400% leverage=6 hardStop=-6.0%[0m
[90m10:02:47 AM[0m [36mninja_regime_status[0m [2msymbol=XRPUSDT regime=MONK confidence=LOW bias=BEAR volatility=LOW trigger=range_detected:spread=0.0400% leverage=6 hardStop=-6.0%[0m
[90m10:04:06 AM[0m [36mninja_regime_status[0m [2msymbol=XRPUSDT regime=MONK confidence=HIGH bias=NEUTRAL volatility=LOW trigger=range_detected:spread=0.0400% leverage=6 hardStop=-6.0%[0m
[90m10:05:07 AM[0m [36mninja_regime_status[0m [2msymbol=XRPUSDT regime=MONK confidence=HIGH bias=NEUTRAL volatility=LOW trigger=range_detected:spread=0.0400% leverage=6 hardStop=-6.0%[0m
[90m10:06:27 AM[0m [36mninja_regime_status[0m [2msymbol=XRPUSDT regime=MONK confidence=MED bias=NEUTRAL volatility=LOW trigger=range_detected:spread=0.0400% leverage=6 hardStop=-6.0%[0m
[90m10:07:46 AM[0m [36mninja_regime_status[0m [2msymbol=XRPUSDT regime=MONK confidence=MED bias=NEUTRAL volatility=LOW trigger=range_detected:spread=0.0400% leverage=6 hardStop=-6.0%[0m
[90m10:09:07 AM[0m [36mninja_regime_status[0m [2msymbol=XRPUSDT regime=MONK confidence=HIGH bias=NEUTRAL volatility=LOW trigger=range_detected:spread=0.0400% leverage=6 hardStop=-6.0%[0m
[90m10:10:09 AM[0m [36mninja_regime_status[0m [2msymbol=XRPUSDT regime=MONK confidence=HIGH bias=NEUTRAL volatility=LOW trigger=range_detected:spread=0.0400% leverage=6 hardStop=-6.0%[0m
[90m10:11:27 AM[0m [36mninja_regime_status[0m [2msymbol=XRPUSDT regime=MONK confidence=HIGH bias=NEUTRAL volatility=LOW trigger=range_detected:spread=0.0400% leverage=6 hardStop=-6.0%[0m
[90m10:11:27 AM[0m [36mtrailing_ratchet_update[0m [2msymbol=XRPUSDT oldStop=2.287 newStop=2.3515 lockedRoe=0.91%[0m
[90m10:12:47 AM[0m [36mninja_regime_status[0m [2msymbol=XRPUSDT regime=MONK confidence=HIGH bias=NEUTRAL volatility=LOW trigger=range_detected:spread=0.0400% leverage=6 hardStop=-6.0%[0m
[90m10:12:47 AM[0m [36mtrailing_ratchet_update[0m [2msymbol=XRPUSDT oldStop=2.2863 newStop=2.352 lockedRoe=1.06%[0m
[90m10:13:05 AM[0m [36mtrailing_ratchet_update[0m [2msymbol=XRPUSDT oldStop=2.2863 newStop=2.3514 lockedRoe=0.91%[0m
[90m10:13:45 AM[0m [36mtrailing_ratchet_update[0m [2msymbol=XRPUSDT oldStop=2.2863 newStop=2.3517 lockedRoe=0.97%[0m
[90m10:14:06 AM[0m [36mninja_regime_status[0m [2msymbol=XRPUSDT regime=MONK confidence=HIGH bias=NEUTRAL volatility=LOW trigger=range_detected:spread=0.0400% leverage=6 hardStop=-6.0%[0m
[90m10:14:06 AM[0m [36mtrailing_ratchet_update[0m [2msymbol=XRPUSDT oldStop=2.2863 newStop=2.352 lockedRoe=1.02%[0m
[90m10:14:25 AM[0m [36mtrailing_ratchet_update[0m [2msymbol=XRPUSDT oldStop=2.2863 newStop=2.3517 lockedRoe=0.95%[0m
[90m10:14:45 AM[0m [36mtrailing_ratchet_update[0m [2msymbol=XRPUSDT oldStop=2.2863 newStop=2.3515 lockedRoe=1.01%[0m
[90m10:15:10 AM[0m [36mninja_regime_status[0m [2msymbol=XRPUSDT regime=MONK confidence=HIGH bias=NEUTRAL volatility=LOW trigger=range_detected:spread=0.0400% leverage=6 hardStop=-6.0%[0m
[90m10:15:10 AM[0m [36mtrailing_ratchet_update[0m [2msymbol=XRPUSDT oldStop=2.2863 newStop=2.3515 lockedRoe=0.97%[0m
[90m10:16:16 AM[0m [36mninja_regime_status[0m [2msymbol=XRPUSDT regime=MONK confidence=MED bias=NEUTRAL volatility=LOW trigger=range_detected:spread=0.0400% leverage=6 hardStop=-6.0%[0m
[90m10:17:35 AM[0m [36mninja_regime_status[0m [2msymbol=XRPUSDT regime=MONK confidence=HIGH bias=NEUTRAL volatility=LOW trigger=range_detected:spread=0.0400% leverage=6 hardStop=-6.0%[0m
[90m10:18:37 AM[0m [36mninja_regime_status[0m [2msymbol=XRPUSDT regime=MONK confidence=HIGH bias=NEUTRAL volatility=LOW trigger=range_detected:spread=0.0400% leverage=6 hardStop=-6.0%[0m
[90m10:19:57 AM[0m [36mninja_regime_status[0m [2msymbol=XRPUSDT regime=MONK confidence=MED bias=NEUTRAL volatility=LOW trigger=range_detected:spread=0.0400% leverage=6 hardStop=-6.0%[0m
[90m10:21:16 AM[0m [36mninja_regime_status[0m [2msymbol=XRPUSDT regime=MONK confidence=MED bias=BEAR volatility=LOW trigger=range_detected:spread=0.0400% leverage=6 hardStop=-6.0%[0m
[90m10:22:17 AM[0m [36mninja_regime_status[0m [2msymbol=XRPUSDT regime=WHALE confidence=LOW bias=BEAR volatility=LOW trigger=trend_detected:funding=0.000000 leverage=8 hardStop=-25.0%[0m
[90m10:23:36 AM[0m [36mninja_regime_status[0m [2msymbol=XRPUSDT regime=WHALE confidence=MED bias=BEAR volatility=LOW trigger=trend_detected:funding=0.000000 leverage=8 hardStop=-25.0%[0m
[90m10:24:55 AM[0m [36mninja_regime_status[0m [2msymbol=XRPUSDT regime=WHALE confidence=LOW bias=BEAR volatility=LOW trigger=trend_detected:funding=0.000000 leverage=8 hardStop=-25.0%[0m
[90m10:25:55 AM[0m [36mninja_regime_status[0m [2msymbol=XRPUSDT regime=WHALE confidence=MED bias=NEUTRAL volatility=LOW trigger=trend_detected:funding=0.000000 leverage=8 hardStop=-25.0%[0m
[90m10:26:56 AM[0m [36mninja_regime_status[0m [2msymbol=XRPUSDT regime=WHALE confidence=LOW bias=BEAR volatility=LOW trigger=trend_detected:funding=0.000000 leverage=8 hardStop=-25.0%[0m
[90m10:27:56 AM[0m [36mninja_regime_status[0m [2msymbol=XRPUSDT regime=WHALE confidence=MED bias=NEUTRAL volatility=LOW trigger=trend_detected:funding=0.000000 leverage=8 hardStop=-25.0%[0m
[90m10:29:16 AM[0m [36mninja_regime_status[0m [2msymbol=XRPUSDT regime=WHALE confidence=MED bias=NEUTRAL volatility=LOW trigger=trend_detected:funding=0.000000 leverage=8 hardStop=-25.0%[0m
[90m10:30:37 AM[0m [36mninja_regime_status[0m [2msymbol=XRPUSDT regime=WHALE confidence=MED bias=BEAR volatility=LOW trigger=trend_detected:funding=0.000000 leverage=8 hardStop=-25.0%[0m
[90m10:31:56 AM[0m [36mninja_regime_status[0m [2msymbol=XRPUSDT regime=WHALE confidence=LOW bias=BEAR volatility=LOW trigger=trend_detected:funding=0.000000 leverage=8 hardStop=-25.0%[0m
